Archive member included to satisfy reference by file (symbol)

D:/STMElectronics/STM32CubeIDE_1.14.0/STM32CubeIDE/plugins/com.st.stm32cube.ide.mcu.externaltools.gnu-tools-for-stm32.12.3.rel1.win32_1.0.100.202403111256/tools/bin/../lib/gcc/arm-none-eabi/12.3.1/../../../../arm-none-eabi/lib/thumb/v7-m/nofp\libc_nano.a(libc_a-exit.o)
                              D:/STMElectronics/STM32CubeIDE_1.14.0/STM32CubeIDE/plugins/com.st.stm32cube.ide.mcu.externaltools.gnu-tools-for-stm32.12.3.rel1.win32_1.0.100.202403111256/tools/bin/../lib/gcc/arm-none-eabi/12.3.1/../../../../arm-none-eabi/lib/thumb/v7-m/nofp/crt0.o (exit)
D:/STMElectronics/STM32CubeIDE_1.14.0/STM32CubeIDE/plugins/com.st.stm32cube.ide.mcu.externaltools.gnu-tools-for-stm32.12.3.rel1.win32_1.0.100.202403111256/tools/bin/../lib/gcc/arm-none-eabi/12.3.1/../../../../arm-none-eabi/lib/thumb/v7-m/nofp\libc_nano.a(libc_a-malloc.o)
                              ./Middlewares/Third_Party/FreeRTOS/Source/portable/MemMang/heap_3.o (malloc)
D:/STMElectronics/STM32CubeIDE_1.14.0/STM32CubeIDE/plugins/com.st.stm32cube.ide.mcu.externaltools.gnu-tools-for-stm32.12.3.rel1.win32_1.0.100.202403111256/tools/bin/../lib/gcc/arm-none-eabi/12.3.1/../../../../arm-none-eabi/lib/thumb/v7-m/nofp\libc_nano.a(libc_a-mallocr.o)
                              D:/STMElectronics/STM32CubeIDE_1.14.0/STM32CubeIDE/plugins/com.st.stm32cube.ide.mcu.externaltools.gnu-tools-for-stm32.12.3.rel1.win32_1.0.100.202403111256/tools/bin/../lib/gcc/arm-none-eabi/12.3.1/../../../../arm-none-eabi/lib/thumb/v7-m/nofp\libc_nano.a(libc_a-malloc.o) (_malloc_r)
D:/STMElectronics/STM32CubeIDE_1.14.0/STM32CubeIDE/plugins/com.st.stm32cube.ide.mcu.externaltools.gnu-tools-for-stm32.12.3.rel1.win32_1.0.100.202403111256/tools/bin/../lib/gcc/arm-none-eabi/12.3.1/../../../../arm-none-eabi/lib/thumb/v7-m/nofp\libc_nano.a(libc_a-mlock.o)
                              D:/STMElectronics/STM32CubeIDE_1.14.0/STM32CubeIDE/plugins/com.st.stm32cube.ide.mcu.externaltools.gnu-tools-for-stm32.12.3.rel1.win32_1.0.100.202403111256/tools/bin/../lib/gcc/arm-none-eabi/12.3.1/../../../../arm-none-eabi/lib/thumb/v7-m/nofp\libc_nano.a(libc_a-mallocr.o) (__malloc_lock)
D:/STMElectronics/STM32CubeIDE_1.14.0/STM32CubeIDE/plugins/com.st.stm32cube.ide.mcu.externaltools.gnu-tools-for-stm32.12.3.rel1.win32_1.0.100.202403111256/tools/bin/../lib/gcc/arm-none-eabi/12.3.1/../../../../arm-none-eabi/lib/thumb/v7-m/nofp\libc_nano.a(libc_a-efgcvt.o)
                              ./Core/Src/main.o (gcvt)
D:/STMElectronics/STM32CubeIDE_1.14.0/STM32CubeIDE/plugins/com.st.stm32cube.ide.mcu.externaltools.gnu-tools-for-stm32.12.3.rel1.win32_1.0.100.202403111256/tools/bin/../lib/gcc/arm-none-eabi/12.3.1/../../../../arm-none-eabi/lib/thumb/v7-m/nofp\libc_nano.a(libc_a-findfp.o)
                              ./Middlewares/Third_Party/FreeRTOS/Source/tasks.o (__sf)
D:/STMElectronics/STM32CubeIDE_1.14.0/STM32CubeIDE/plugins/com.st.stm32cube.ide.mcu.externaltools.gnu-tools-for-stm32.12.3.rel1.win32_1.0.100.202403111256/tools/bin/../lib/gcc/arm-none-eabi/12.3.1/../../../../arm-none-eabi/lib/thumb/v7-m/nofp\libc_nano.a(libc_a-fwalk.o)
                              D:/STMElectronics/STM32CubeIDE_1.14.0/STM32CubeIDE/plugins/com.st.stm32cube.ide.mcu.externaltools.gnu-tools-for-stm32.12.3.rel1.win32_1.0.100.202403111256/tools/bin/../lib/gcc/arm-none-eabi/12.3.1/../../../../arm-none-eabi/lib/thumb/v7-m/nofp\libc_nano.a(libc_a-findfp.o) (_fwalk_sglue)
D:/STMElectronics/STM32CubeIDE_1.14.0/STM32CubeIDE/plugins/com.st.stm32cube.ide.mcu.externaltools.gnu-tools-for-stm32.12.3.rel1.win32_1.0.100.202403111256/tools/bin/../lib/gcc/arm-none-eabi/12.3.1/../../../../arm-none-eabi/lib/thumb/v7-m/nofp\libc_nano.a(libc_a-stdio.o)
                              D:/STMElectronics/STM32CubeIDE_1.14.0/STM32CubeIDE/plugins/com.st.stm32cube.ide.mcu.externaltools.gnu-tools-for-stm32.12.3.rel1.win32_1.0.100.202403111256/tools/bin/../lib/gcc/arm-none-eabi/12.3.1/../../../../arm-none-eabi/lib/thumb/v7-m/nofp\libc_nano.a(libc_a-findfp.o) (__sread)
D:/STMElectronics/STM32CubeIDE_1.14.0/STM32CubeIDE/plugins/com.st.stm32cube.ide.mcu.externaltools.gnu-tools-for-stm32.12.3.rel1.win32_1.0.100.202403111256/tools/bin/../lib/gcc/arm-none-eabi/12.3.1/../../../../arm-none-eabi/lib/thumb/v7-m/nofp\libc_nano.a(libc_a-memset.o)
                              D:/STMElectronics/STM32CubeIDE_1.14.0/STM32CubeIDE/plugins/com.st.stm32cube.ide.mcu.externaltools.gnu-tools-for-stm32.12.3.rel1.win32_1.0.100.202403111256/tools/bin/../lib/gcc/arm-none-eabi/12.3.1/../../../../arm-none-eabi/lib/thumb/v7-m/nofp/crt0.o (memset)
D:/STMElectronics/STM32CubeIDE_1.14.0/STM32CubeIDE/plugins/com.st.stm32cube.ide.mcu.externaltools.gnu-tools-for-stm32.12.3.rel1.win32_1.0.100.202403111256/tools/bin/../lib/gcc/arm-none-eabi/12.3.1/../../../../arm-none-eabi/lib/thumb/v7-m/nofp\libc_nano.a(libc_a-closer.o)
[...]
Memory Configuration

Name             Origin             Length             Attributes
RAM              0x20000000         0x00005000         xrw
FLASH            0x08000000         0x00010000         xr
*default*        0x00000000         0xffffffff

Linker script and memory map

LOAD D:/STMElectronics/STM32CubeIDE_1.14.0/STM32CubeIDE/plugins/com.st.stm32cube.ide.mcu.externaltools.gnu-tools-for-stm32.12.3.rel1.win32_1.0.100.202403111256/tools/bin/../lib/gcc/arm-none-eabi/12.3.1/thumb/v7-m/nofp/crti.o
LOAD D:/STMElectronics/STM32CubeIDE_1.14.0/STM32CubeIDE/plugins/com.st.stm32cube.ide.mcu.externaltools.gnu-tools-for-stm32.12.3.rel1.win32_1.0.100.202403111256/tools/bin/../lib/gcc/arm-none-eabi/12.3.1/thumb/v7-m/nofp/crtbegin.o
LOAD D:/STMElectronics/STM32CubeIDE_1.14.0/STM32CubeIDE/plugins/com.st.stm32cube.ide.mcu.externaltools.gnu-tools-for-stm32.12.3.rel1.win32_1.0.100.202403111256/tools/bin/../lib/gcc/arm-none-eabi/12.3.1/../../../../arm-none-eabi/lib/thumb/v7-m/nofp/crt0.o
LOAD ./Core/Src/freertos.o
LOAD ./Core/Src/main.o
LOAD ./Core/Src/stm32f1xx_hal_msp.o
LOAD ./Core/Src/stm32f1xx_it.o
LOAD ./Core/Src/syscalls.o
LOAD ./Core/Src/sysmem.o
LOAD ./Core/Src/system_stm32f1xx.o
LOAD ./Core/Startup/startup_stm32f103c8tx.o
LOAD ./Drivers/STM32F1xx_HAL_Driver/Src/stm32f1xx_hal.o
LOAD ./Drivers/STM32F1xx_HAL_Driver/Src/stm32f1xx_hal_adc.o
LOAD ./Drivers/STM32F1xx_HAL_Driver/Src/stm32f1xx_hal_adc_ex.o
LOAD ./Drivers/STM32F1xx_HAL_Driver/Src/stm32f1xx_hal_cortex.o
LOAD ./Drivers/STM32F1xx_HAL_Driver/Src/stm32f1xx_hal_dma.o
LOAD ./Drivers/STM32F1xx_HAL_Driver/Src/stm32f1xx_hal_exti.o
LOAD ./Drivers/STM32F1xx_HAL_Driver/Src/stm32f1xx_hal_flash.o
LOAD ./Drivers/STM32F1xx_HAL_Driver/Src/stm32f1xx_hal_flash_ex.o
LOAD ./Drivers/STM32F1xx_HAL_Driver/Src/stm32f1xx_hal_gpio.o
LOAD ./Drivers/STM32F1xx_HAL_Driver/Src/stm32f1xx_hal_gpio_ex.o
LOAD ./Drivers/STM32F1xx_HAL_Driver/Src/stm32f1xx_hal_i2c.o
LOAD ./Drivers/STM32F1xx_HAL_Driver/Src/stm32f1xx_hal_pwr.o
LOAD ./Drivers/STM32F1xx_HAL_Driver/Src/stm32f1xx_hal_rcc.o
LOAD ./Drivers/STM32F1xx_HAL_Driver/Src/stm32f1xx_hal_rcc_ex.o
LOAD ./Drivers/STM32F1xx_HAL_Driver/Src/stm32f1xx_hal_tim.o
LOAD ./Drivers/STM32F1xx_HAL_Driver/Src/stm32f1xx_hal_tim_ex.o
LOAD ./Drivers/STM32F1xx_HAL_Driver/Src/stm32f1xx_hal_uart.o
LOAD ./Drivers/STM32F1xx_HAL_Driver/Src/stm32f1xx_ll_dma.o
LOAD ./Drivers/STM32F1xx_HAL_Driver/Src/stm32f1xx_ll_exti.o
LOAD ./Drivers/STM32F1xx_HAL_Driver/Src/stm32f1xx_ll_gpio.o
LOAD ./Drivers/STM32F1xx_HAL_Driver/Src/stm32f1xx_ll_rcc.o
LOAD ./Drivers/STM32F1xx_HAL_Driver/Src/stm32f1xx_ll_usart.o
LOAD ./Drivers/STM32F1xx_HAL_Driver/Src/stm32f1xx_ll_utils.o
LOAD ./Middlewares/Third_Party/FreeRTOS/Source/CMSIS_RTOS/cmsis_os.o
LOAD ./Middlewares/Third_Party/FreeRTOS/Source/croutine.o
LOAD ./Middlewares/Third_Party/FreeRTOS/Source/event_groups.o
LOAD ./Middlewares/Third_Party/FreeRTOS/Source/list.o
LOAD ./Middlewares/Third_Party/FreeRTOS/Source/queue.o
LOAD ./Middlewares/Third_Party/FreeRTOS/Source/stream_buffer.o
LOAD ./Middlewares/Third_Party/FreeRTOS/Source/tasks.o
LOAD ./Middlewares/Third_Party/FreeRTOS/Source/timers.o
LOAD ./Middlewares/Third_Party/FreeRTOS/Source/portable/GCC/ARM_CM3/port.o
LOAD ./Middlewares/Third_Party/FreeRTOS/Source/portable/MemMang/heap_3.o
LOAD ./OLED_Trinh/ssd1306.o
LOAD ./OLED_Trinh/ssd1306_fonts.o
LOAD ./Utils/uartstdio.o
START GROUP
LOAD D:/STMElectronics/STM32CubeIDE_1.14.0/STM32CubeIDE/plugins/com.st.stm32cube.ide.mcu.externaltools.gnu-tools-for-stm32.12.3.rel1.win32_1.0.100.202403111256/tools/bin/../lib/gcc/arm-none-eabi/12.3.1/../../../../arm-none-eabi/lib/thumb/v7-m/nofp\libc_nano.a
LOAD D:/STMElectronics/STM32CubeIDE_1.14.0/STM32CubeIDE/plugins/com.st.stm32cube.ide.mcu.externaltools.gnu-tools-for-stm32.12.3.rel1.win32_1.0.100.202403111256/tools/bin/../lib/gcc/arm-none-eabi/12.3.1/../../../../arm-none-eabi/lib/thumb/v7-m/nofp\libm.a
END GROUP
START GROUP
LOAD D:/STMElectronics/STM32CubeIDE_1.14.0/STM32CubeIDE/plugins/com.st.stm32cube.ide.mcu.externaltools.gnu-tools-for-stm32.12.3.rel1.win32_1.0.100.202403111256/tools/bin/../lib/gcc/arm-none-eabi/12.3.1/thumb/v7-m/nofp\libgcc.a
LOAD D:/STMElectronics/STM32CubeIDE_1.14.0/STM32CubeIDE/plugins/com.st.stm32cube.ide.mcu.externaltools.gnu-tools-for-stm32.12.3.rel1.win32_1.0.100.202403111256/tools/bin/../lib/gcc/arm-none-eabi/12.3.1/../../../../arm-none-eabi/lib/thumb/v7-m/nofp\libc_nano.a
END GROUP
START GROUP
LOAD D:/STMElectronics/STM32CubeIDE_1.14.0/STM32CubeIDE/plugins/com.st.stm32cube.ide.mcu.externaltools.gnu-tools-for-stm32.12.3.rel1.win32_1.0.100.202403111256/tools/bin/../lib/gcc/arm-none-eabi/12.3.1/thumb/v7-m/nofp\libgcc.a
LOAD D:/STMElectronics/STM32CubeIDE_1.14.0/STM32CubeIDE/plugins/com.st.stm32cube.ide.mcu.externaltools.gnu-tools-for-stm32.12.3.rel1.win32_1.0.100.202403111256/tools/bin/../lib/gcc/arm-none-eabi/12.3.1/../../../../arm-none-eabi/lib/thumb/v7-m/nofp\libc_nano.a
LOAD D:/STMElectronics/STM32CubeIDE_1.14.0/STM32CubeIDE/plugins/com.st.stm32cube.ide.mcu.externaltools.gnu-tools-for-stm32.12.3.rel1.win32_1.0.100.202403111256/tools/bin/../lib/gcc/arm-none-eabi/12.3.1/../../../../arm-none-eabi/lib/thumb/v7-m/nofp\libnosys.a
END GROUP
START GROUP
LOAD D:/STMElectronics/STM32CubeIDE_1.14.0/STM32CubeIDE/plugins/com.st.stm32cube.ide.mcu.externaltools.gnu-tools-for-stm32.12.3.rel1.win32_1.0.100.202403111256/tools/bin/../lib/gcc/arm-none-eabi/12.3.1/thumb/v7-m/nofp\libgcc.a
LOAD D:/STMElectronics/STM32CubeIDE_1.14.0/STM32CubeIDE/plugins/com.st.stm32cube.ide.mcu.externaltools.gnu-tools-for-stm32.12.3.rel1.win32_1.0.100.202403111256/tools/bin/../lib/gcc/arm-none-eabi/12.3.1/../../../../arm-none-eabi/lib/thumb/v7-m/nofp\libc_nano.a
LOAD D:/STMElectronics/STM32CubeIDE_1.14.0/STM32CubeIDE/plugins/com.st.stm32cube.ide.mcu.externaltools.gnu-tools-for-stm32.12.3.rel1.win32_1.0.100.202403111256/tools/bin/../lib/gcc/arm-none-eabi/12.3.1/../../../../arm-none-eabi/lib/thumb/v7-m/nofp\libnosys.a
END GROUP
LOAD D:/STMElectronics/STM32CubeIDE_1.14.0/STM32CubeIDE/plugins/com.st.stm32cube.ide.mcu.externaltools.gnu-tools-for-stm32.12.3.rel1.win32_1.0.100.202403111256/tools/bin/../lib/gcc/arm-none-eabi/12.3.1/thumb/v7-m/nofp/crtend.o
LOAD D:/STMElectronics/STM32CubeIDE_1.14.0/STM32CubeIDE/plugins/com.st.stm32cube.ide.mcu.externaltools.gnu-tools-for-stm32.12.3.rel1.win32_1.0.100.202403111256/tools/bin/../lib/gcc/arm-none-eabi/12.3.1/thumb/v7-m/nofp/crtn.o
                0x20005000                        _estack = (ORIGIN (RAM) + LENGTH (RAM))
                0x00000200                        _Min_Heap_Size = 0x200
                0x00000400                        _Min_Stack_Size = 0x400

.isr_vector     0x08000000      0x10c
                0x08000000                        . = ALIGN (0x4)
 *(.isr_vector)
 .isr_vector    0x08000000      0x10c ./Core/Startup/startup_stm32f103c8tx.o
                0x08000000                g_pfnVectors
                0x0800010c                        . = ALIGN (0x4)

.text           0x08000110     0xb5bc
                0x08000110                        . = ALIGN (0x4)
 *(.text)
 .text          0x08000110       0x40 D:/STMElectronics/STM32CubeIDE_1.14.0/STM32CubeIDE/plugins/com.st.stm32cube.ide.mcu.externaltools.gnu-tools-for-stm32.12.3.rel1.win32_1.0.100.202403111256/tools/bin/../lib/gcc/arm-none-eabi/12.3.1/thumb/v7-m/nofp/crtbegin.o
 .text          0x08000150      0x378 D:/STMElectronics/STM32CubeIDE_1.14.0/STM32CubeIDE/plugins/com.st.stm32cube.ide.mcu.externaltools.gnu-tools-for-stm32.12.3.rel1.win32_1.0.100.202403111256/tools/bin/../lib/gcc/arm-none-eabi/12.3.1/thumb/v7-m/nofp\libgcc.a(_arm_addsubdf3.o)
                0x08000150                __aeabi_drsub
                0x08000158                __aeabi_dsub
                0x08000158                __subdf3
                0x0800015c                __aeabi_dadd
                0x0800015c                __adddf3
                0x080003d4                __floatunsidf
                0x080003d4                __aeabi_ui2d
                0x080003f4                __floatsidf
                0x080003f4                __aeabi_i2d
                0x08000418                __aeabi_f2d
                0x08000418                __extendsfdf2
                0x0800045c                __floatundidf
                0x0800045c                __aeabi_ul2d
                0x0800046c                __floatdidf
                0x0800046c                __aeabi_l2d
 .text          0x080004c8      0x424 D:/STMElectronics/STM32CubeIDE_1.14.0/STM32CubeIDE/plugins/com.st.stm32cube.ide.mcu.externaltools.gnu-tools-for-stm32.12.3.rel1.win32_1.0.100.202403111256/tools/bin/../lib/gcc/arm-none-eabi/12.3.1/thumb/v7-m/nofp\libgcc.a(_arm_muldivdf3.o)
                0x080004c8                __aeabi_dmul
                0x080004c8                __muldf3
                0x0800071c                __divdf3
                0x0800071c                __aeabi_ddiv
 .text          0x080008ec      0x110 D:/STMElectronics/STM32CubeIDE_1.14.0/STM32CubeIDE/plugins/com.st.stm32cube.ide.mcu.externaltools.gnu-tools-for-stm32.12.3.rel1.win32_1.0.100.202403111256/tools/bin/../lib/gcc/arm-none-eabi/12.3.1/thumb/v7-m/nofp\libgcc.a(_arm_cmpdf2.o)
                0x080008ec                __gtdf2
                0x080008ec                __gedf2
                0x080008f4                __ltdf2
                0x080008f4                __ledf2
                0x080008fc                __nedf2
                0x080008fc                __eqdf2
                0x080008fc                __cmpdf2
                0x08000978                __aeabi_cdrcmple
                0x08000988                __aeabi_cdcmpeq
                0x08000988                __aeabi_cdcmple
                0x08000998                __aeabi_dcmpeq
                0x080009ac                __aeabi_dcmplt
                0x080009c0                __aeabi_dcmple
                0x080009d4                __aeabi_dcmpge
                0x080009e8                __aeabi_dcmpgt
 .text          0x080009fc       0x2c D:/STMElectronics/STM32CubeIDE_1.14.0/STM32CubeIDE/plugins/com.st.stm32cube.ide.mcu.externaltools.gnu-tools-for-stm32.12.3.rel1.win32_1.0.100.202403111256/tools/bin/../lib/gcc/arm-none-eabi/12.3.1/thumb/v7-m/nofp\libgcc.a(_arm_unorddf2.o)
                0x080009fc                __unorddf2
                0x080009fc                __aeabi_dcmpun
 .text          0x08000a28       0x50 D:/STMElectronics/STM32CubeIDE_1.14.0/STM32CubeIDE/plugins/com.st.stm32cube.ide.mcu.externaltools.gnu-tools-for-stm32.12.3.rel1.win32_1.0.100.202403111256/tools/bin/../lib/gcc/arm-none-eabi/12.3.1/thumb/v7-m/nofp\libgcc.a(_arm_fixdfsi.o)
                0x08000a28                __aeabi_d2iz
                0x08000a28                __fixdfsi
 .text          0x08000a78       0x40 D:/STMElectronics/STM32CubeIDE_1.14.0/STM32CubeIDE/plugins/com.st.stm32cube.ide.mcu.externaltools.gnu-tools-for-stm32.12.3.rel1.win32_1.0.100.202403111256/tools/bin/../lib/gcc/arm-none-eabi/12.3.1/thumb/v7-m/nofp\libgcc.a(_arm_fixunsdfsi.o)
                0x08000a78                __aeabi_d2uiz
                0x08000a78                __fixunsdfsi
 .text          0x08000ab8       0xa0 D:/STMElectronics/STM32CubeIDE_1.14.0/STM32CubeIDE/plugins/com.st.stm32cube.ide.mcu.externaltools.gnu-tools-for-stm32.12.3.rel1.win32_1.0.100.202403111256/tools/bin/../lib/gcc/arm-none-eabi/12.3.1/thumb/v7-m/nofp\libgcc.a(_arm_truncdfsf2.o)
                0x08000ab8                __truncdfsf2
                0x08000ab8                __aeabi_d2f
 .text          0x08000b58      0x21c D:/STMElectronics/STM32CubeIDE_1.14.0/STM32CubeIDE/plugins/com.st.stm32cube.ide.mcu.externaltools.gnu-tools-for-stm32.12.3.rel1.win32_1.0.100.202403111256/tools/bin/../lib/gcc/arm-none-eabi/12.3.1/thumb/v7-m/nofp\libgcc.a(_arm_addsubsf3.o)
                0x08000b58                __aeabi_frsub
                0x08000b60                __subsf3
                0x08000b60                __aeabi_fsub
                0x08000b64                __aeabi_fadd
                0x08000b64                __addsf3
                0x08000cc4                __aeabi_ui2f
                0x08000cc4                __floatunsisf
                0x08000ccc                __aeabi_i2f
                0x08000ccc                __floatsisf
                0x08000ce8                __aeabi_ul2f
                0x08000ce8                __floatundisf
                0x08000cf8                __aeabi_l2f
                0x08000cf8                __floatdisf
 .text          0x08000d74      0x2a0 D:/STMElectronics/STM32CubeIDE_1.14.0/STM32CubeIDE/plugins/com.st.stm32cube.ide.mcu.externaltools.gnu-tools-for-stm32.12.3.rel1.win32_1.0.100.202403111256/tools/bin/../lib/gcc/arm-none-eabi/12.3.1/thumb/v7-m/nofp\libgcc.a(_arm_muldivsf3.o)
                0x08000d74                __mulsf3
                0x08000d74                __aeabi_fmul
                0x08000edc                __aeabi_fdiv
                0x08000edc                __divsf3
 .text          0x08001014       0xec D:/STMElectronics/STM32CubeIDE_1.14.0/STM32CubeIDE/plugins/com.st.stm32cube.ide.mcu.externaltools.gnu-tools-for-stm32.12.3.rel1.win32_1.0.100.202403111256/tools/bin/../lib/gcc/arm-none-eabi/12.3.1/thumb/v7-m/nofp\libgcc.a(_arm_cmpsf2.o)
                0x08001014                __gesf2
                0x08001014                __gtsf2
                0x0800101c                __lesf2
                0x0800101c                __ltsf2
                0x08001024                __nesf2
                0x08001024                __eqsf2
                0x08001024                __cmpsf2
                0x08001084                __aeabi_cfrcmple
                0x0800108c                __aeabi_cfcmpeq
                0x0800108c                __aeabi_cfcmple
                0x0800109c                __aeabi_fcmpeq
                0x080010b0                __aeabi_fcmplt
                0x080010c4                __aeabi_fcmple
                0x080010d8                __aeabi_fcmpge
                0x080010ec                __aeabi_fcmpgt
 *(.text*)
 .text.vApplicationGetIdleTaskMemory
                0x08001100       0x30 ./Core/Src/freertos.o
                0x08001100                vApplicationGetIdleTaskMemory
 .text.__NVIC_GetPriorityGrouping
                0x08001130       0x1c ./Core/Src/main.o
 .text.__NVIC_EnableIRQ
                0x0800114c       0x38 ./Core/Src/main.o
 .text.__NVIC_SetPriority
                0x08001184       0x54 ./Core/Src/main.o
 .text.NVIC_EncodePriority
                0x080011d8       0x64 ./Core/Src/main.o
 .text.LL_USART_Enable
                0x0800123c       0x1e ./Core/Src/main.o
 .text.LL_USART_ConfigAsyncMode
                0x0800125a       0x2a ./Core/Src/main.o
 .text.LL_APB2_GRP1_EnableClock
                0x08001284       0x30 ./Core/Src/main.o
 .text.LL_GPIO_AF_EnableRemap_USART1
                0x080012b4       0x20 ./Core/Src/main.o
 *fill*         0x080012d4        0x4 
 .text.get_NTC_temp
                0x080012d8      0x11c ./Core/Src/main.o
                0x080012d8                get_NTC_temp
 .text.WriteComm
                0x080013f4       0x34 ./Core/Src/main.o
 .text.HAL_UART_RxCpltCallback
                0x08001428       0x88 ./Core/Src/main.o
                0x08001428                HAL_UART_RxCpltCallback
 .text.main     0x080014b0      0x25c ./Core/Src/main.o
                0x080014b0                main
 .text.SystemClock_Config
                0x0800170c       0xb6 ./Core/Src/main.o
                0x0800170c                SystemClock_Config
 *fill*         0x080017c2        0x2 
 .text.MX_ADC1_Init
                0x080017c4       0xb8 ./Core/Src/main.o
 .text.MX_I2C1_Init
                0x0800187c       0x5c ./Core/Src/main.o
 .text.MX_USART1_UART_Init
                0x080018d8       0xd0 ./Core/Src/main.o
 .text.MX_USART3_UART_Init
                0x080019a8       0x54 ./Core/Src/main.o
 .text.MX_DMA_Init
                0x080019fc       0x3c ./Core/Src/main.o
 .text.MX_GPIO_Init
                0x08001a38       0xd8 ./Core/Src/main.o
 .text.Actuator_Task
                0x08001b10       0xc4 ./Core/Src/main.o
                0x08001b10                Actuator_Task
 .text.Tx_toESP_Task
                0x08001bd4       0xb8 ./Core/Src/main.o
                0x08001bd4                Tx_toESP_Task
 .text.getBatt_info_Task
                0x08001c8c       0xb0 ./Core/Src/main.o
                0x08001c8c                getBatt_info_Task
 .text.Switch_Task
                0x08001d3c       0x38 ./Core/Src/main.o
                0x08001d3c                Switch_Task
 *fill*         0x08001d74        0x4 
 .text.OLED_Task
                0x08001d78      0x284 ./Core/Src/main.o
                0x08001d78                OLED_Task
 .text.Error_Handler
                0x08001ffc        0xc ./Core/Src/main.o
                0x08001ffc                Error_Handler
 .text.HAL_MspInit
                0x08002008       0x70 ./Core/Src/stm32f1xx_hal_msp.o
                0x08002008                HAL_MspInit
 .text.HAL_ADC_MspInit
                0x08002078       0xd0 ./Core/Src/stm32f1xx_hal_msp.o
                0x08002078                HAL_ADC_MspInit
 .text.HAL_I2C_MspInit
                0x08002148       0xa0 ./Core/Src/stm32f1xx_hal_msp.o
                0x08002148                HAL_I2C_MspInit
 .text.HAL_UART_MspInit
                0x080021e8       0xa8 ./Core/Src/stm32f1xx_hal_msp.o
                0x080021e8                HAL_UART_MspInit
 .text.NMI_Handler
                0x08002290        0x8 ./Core/Src/stm32f1xx_it.o
                0x08002290                NMI_Handler
 .text.HardFault_Handler
                0x08002298        0x8 ./Core/Src/stm32f1xx_it.o
                0x08002298                HardFault_Handler
 .text.MemManage_Handler
                0x080022a0        0x8 ./Core/Src/stm32f1xx_it.o
                0x080022a0                MemManage_Handler
 .text.BusFault_Handler
                0x080022a8        0x8 ./Core/Src/stm32f1xx_it.o
                0x080022a8                BusFault_Handler
 .text.UsageFault_Handler
                0x080022b0        0x8 ./Core/Src/stm32f1xx_it.o
                0x080022b0                UsageFault_Handler
 .text.DebugMon_Handler
                0x080022b8        0xc ./Core/Src/stm32f1xx_it.o
                0x080022b8                DebugMon_Handler
 .text.SysTick_Handler
                0x080022c4       0x1a ./Core/Src/stm32f1xx_it.o
                0x080022c4                SysTick_Handler
 *fill*         0x080022de        0x2 
 .text.DMA1_Channel1_IRQHandler
                0x080022e0       0x14 ./Core/Src/stm32f1xx_it.o
                0x080022e0                DMA1_Channel1_IRQHandler
 .text.USART1_IRQHandler
                0x080022f4        0xc ./Core/Src/stm32f1xx_it.o
                0x080022f4                USART1_IRQHandler
 .text.USART3_IRQHandler
                0x08002300       0x14 ./Core/Src/stm32f1xx_it.o
                0x08002300                USART3_IRQHandler
 .text._getpid  0x08002314        0xe ./Core/Src/syscalls.o
                0x08002314                _getpid
 .text._kill    0x08002322       0x20 ./Core/Src/syscalls.o
                0x08002322                _kill
 .text._exit    0x08002342       0x16 ./Core/Src/syscalls.o
                0x08002342                _exit
 .text._read    0x08002358       0x3a ./Core/Src/syscalls.o
                0x08002358                _read
 .text._write   0x08002392       0x38 ./Core/Src/syscalls.o
                0x08002392                _write
 .text._close   0x080023ca       0x16 ./Core/Src/syscalls.o
                0x080023ca                _close
 .text._fstat   0x080023e0       0x1e ./Core/Src/syscalls.o
                0x080023e0                _fstat
 .text._isatty  0x080023fe       0x14 ./Core/Src/syscalls.o
                0x080023fe                _isatty
 .text._lseek   0x08002412       0x18 ./Core/Src/syscalls.o
                0x08002412                _lseek
 *fill*         0x0800242a        0x2 
 .text._sbrk    0x0800242c       0x6c ./Core/Src/sysmem.o
                0x0800242c                _sbrk
 .text.SystemInit
                0x08002498        0xc ./Core/Src/system_stm32f1xx.o
                0x08002498                SystemInit
 .text.Reset_Handler
                0x080024a4       0x48 ./Core/Startup/startup_stm32f103c8tx.o
                0x080024a4                Reset_Handler
 .text.Default_Handler
                0x080024ec        0x2 ./Core/Startup/startup_stm32f103c8tx.o
                0x080024ec                RTC_Alarm_IRQHandler
                0x080024ec                EXTI2_IRQHandler
                0x080024ec                TIM1_CC_IRQHandler
                0x080024ec                PVD_IRQHandler
                0x080024ec                EXTI3_IRQHandler
                0x080024ec                EXTI0_IRQHandler
                0x080024ec                I2C2_EV_IRQHandler
                0x080024ec                ADC1_2_IRQHandler
                0x080024ec                SPI1_IRQHandler
                0x080024ec                TAMPER_IRQHandler
                0x080024ec                DMA1_Channel4_IRQHandler
                0x080024ec                RTC_IRQHandler
                0x080024ec                DMA1_Channel7_IRQHandler
                0x080024ec                CAN1_RX1_IRQHandler
                0x080024ec                TIM4_IRQHandler
                0x080024ec                I2C1_EV_IRQHandler
                0x080024ec                DMA1_Channel6_IRQHandler
                0x080024ec                TIM3_IRQHandler
                0x080024ec                RCC_IRQHandler
                0x080024ec                TIM1_TRG_COM_IRQHandler
                0x080024ec                Default_Handler
                0x080024ec                EXTI15_10_IRQHandler
                0x080024ec                EXTI9_5_IRQHandler
                0x080024ec                SPI2_IRQHandler
                0x080024ec                DMA1_Channel5_IRQHandler
                0x080024ec                EXTI4_IRQHandler
                0x080024ec                USB_LP_CAN1_RX0_IRQHandler
                0x080024ec                USB_HP_CAN1_TX_IRQHandler
                0x080024ec                DMA1_Channel3_IRQHandler
                0x080024ec                TIM1_UP_IRQHandler
                0x080024ec                WWDG_IRQHandler
                0x080024ec                TIM2_IRQHandler
                0x080024ec                TIM1_BRK_IRQHandler
                0x080024ec                EXTI1_IRQHandler
                0x080024ec                USART2_IRQHandler
                0x080024ec                I2C2_ER_IRQHandler
                0x080024ec                DMA1_Channel2_IRQHandler
                0x080024ec                CAN1_SCE_IRQHandler
                0x080024ec                FLASH_IRQHandler
                0x080024ec                I2C1_ER_IRQHandler
                0x080024ec                USBWakeUp_IRQHandler
 *fill*         0x080024ee        0x2 
 .text.HAL_Init
                0x080024f0       0x2c ./Drivers/STM32F1xx_HAL_Driver/Src/stm32f1xx_hal.o
                0x080024f0                HAL_Init
 .text.HAL_InitTick
                0x0800251c       0x60 ./Drivers/STM32F1xx_HAL_Driver/Src/stm32f1xx_hal.o
                0x0800251c                HAL_InitTick
 .text.HAL_IncTick
                0x0800257c       0x24 ./Drivers/STM32F1xx_HAL_Driver/Src/stm32f1xx_hal.o
                0x0800257c                HAL_IncTick
 .text.HAL_GetTick
                0x080025a0       0x14 ./Drivers/STM32F1xx_HAL_Driver/Src/stm32f1xx_hal.o
                0x080025a0                HAL_GetTick
 .text.HAL_Delay
                0x080025b4       0x48 ./Drivers/STM32F1xx_HAL_Driver/Src/stm32f1xx_hal.o
                0x080025b4                HAL_Delay
 .text.HAL_ADC_Init
                0x080025fc      0x1b0 ./Drivers/STM32F1xx_HAL_Driver/Src/stm32f1xx_hal_adc.o
                0x080025fc                HAL_ADC_Init
 .text.HAL_ADC_Start_DMA
                0x080027ac      0x1bc ./Drivers/STM32F1xx_HAL_Driver/Src/stm32f1xx_hal_adc.o
                0x080027ac                HAL_ADC_Start_DMA
 .text.HAL_ADC_ConvCpltCallback
                0x08002968       0x12 ./Drivers/STM32F1xx_HAL_Driver/Src/stm32f1xx_hal_adc.o
                0x08002968                HAL_ADC_ConvCpltCallback
 .text.HAL_ADC_ConvHalfCpltCallback
                0x0800297a       0x12 ./Drivers/STM32F1xx_HAL_Driver/Src/stm32f1xx_hal_adc.o
                0x0800297a                HAL_ADC_ConvHalfCpltCallback
 .text.HAL_ADC_ErrorCallback
                0x0800298c       0x12 ./Drivers/STM32F1xx_HAL_Driver/Src/stm32f1xx_hal_adc.o
                0x0800298c                HAL_ADC_ErrorCallback
 *fill*         0x0800299e        0x2 
 .text.HAL_ADC_ConfigChannel
                0x080029a0      0x1f0 ./Drivers/STM32F1xx_HAL_Driver/Src/stm32f1xx_hal_adc.o
                0x080029a0                HAL_ADC_ConfigChannel
 .text.ADC_Enable
                0x08002b90       0xb4 ./Drivers/STM32F1xx_HAL_Driver/Src/stm32f1xx_hal_adc.o
                0x08002b90                ADC_Enable
 .text.ADC_ConversionStop_Disable
                0x08002c44       0x82 ./Drivers/STM32F1xx_HAL_Driver/Src/stm32f1xx_hal_adc.o
                0x08002c44                ADC_ConversionStop_Disable
 .text.ADC_DMAConvCplt
                0x08002cc6       0x7c ./Drivers/STM32F1xx_HAL_Driver/Src/stm32f1xx_hal_adc.o
                0x08002cc6                ADC_DMAConvCplt
 .text.ADC_DMAHalfConvCplt
                0x08002d42       0x1c ./Drivers/STM32F1xx_HAL_Driver/Src/stm32f1xx_hal_adc.o
                0x08002d42                ADC_DMAHalfConvCplt
 .text.ADC_DMAError
                0x08002d5e       0x34 ./Drivers/STM32F1xx_HAL_Driver/Src/stm32f1xx_hal_adc.o
                0x08002d5e                ADC_DMAError
 *fill*         0x08002d92        0x2 
 .text.__NVIC_SetPriorityGrouping
                0x08002d94       0x48 ./Drivers/STM32F1xx_HAL_Driver/Src/stm32f1xx_hal_cortex.o
 .text.__NVIC_GetPriorityGrouping
                0x08002ddc       0x1c ./Drivers/STM32F1xx_HAL_Driver/Src/stm32f1xx_hal_cortex.o
 .text.__NVIC_EnableIRQ
                0x08002df8       0x38 ./Drivers/STM32F1xx_HAL_Driver/Src/stm32f1xx_hal_cortex.o
 .text.__NVIC_SetPriority
                0x08002e30       0x54 ./Drivers/STM32F1xx_HAL_Driver/Src/stm32f1xx_hal_cortex.o
 .text.NVIC_EncodePriority
                0x08002e84       0x64 ./Drivers/STM32F1xx_HAL_Driver/Src/stm32f1xx_hal_cortex.o
 .text.SysTick_Config
                0x08002ee8       0x44 ./Drivers/STM32F1xx_HAL_Driver/Src/stm32f1xx_hal_cortex.o
 .text.HAL_NVIC_SetPriorityGrouping
                0x08002f2c       0x16 ./Drivers/STM32F1xx_HAL_Driver/Src/stm32f1xx_hal_cortex.o
                0x08002f2c                HAL_NVIC_SetPriorityGrouping
 .text.HAL_NVIC_SetPriority
                0x08002f42       0x38 ./Drivers/STM32F1xx_HAL_Driver/Src/stm32f1xx_hal_cortex.o
                0x08002f42                HAL_NVIC_SetPriority
 .text.HAL_NVIC_EnableIRQ
                0x08002f7a       0x1c ./Drivers/STM32F1xx_HAL_Driver/Src/stm32f1xx_hal_cortex.o
                0x08002f7a                HAL_NVIC_EnableIRQ
 .text.HAL_SYSTICK_Config
                0x08002f96       0x18 ./Drivers/STM32F1xx_HAL_Driver/Src/stm32f1xx_hal_cortex.o
                0x08002f96                HAL_SYSTICK_Config
 *fill*         0x08002fae        0x2 
 .text.HAL_DMA_Init
                0x08002fb0       0xb4 ./Drivers/STM32F1xx_HAL_Driver/Src/stm32f1xx_hal_dma.o
                0x08002fb0                HAL_DMA_Init
 .text.HAL_DMA_Start_IT
                0x08003064       0xc0 ./Drivers/STM32F1xx_HAL_Driver/Src/stm32f1xx_hal_dma.o
                0x08003064                HAL_DMA_Start_IT
 .text.HAL_DMA_Abort
                0x08003124       0x76 ./Drivers/STM32F1xx_HAL_Driver/Src/stm32f1xx_hal_dma.o
                0x08003124                HAL_DMA_Abort
 *fill*         0x0800319a        0x2 
 .text.HAL_DMA_Abort_IT
                0x0800319c       0xf0 ./Drivers/STM32F1xx_HAL_Driver/Src/stm32f1xx_hal_dma.o
                0x0800319c                HAL_DMA_Abort_IT
 .text.HAL_DMA_IRQHandler
                0x0800328c      0x20c ./Drivers/STM32F1xx_HAL_Driver/Src/stm32f1xx_hal_dma.o
                0x0800328c                HAL_DMA_IRQHandler
 .text.DMA_SetConfig
                0x08003498       0x5a ./Drivers/STM32F1xx_HAL_Driver/Src/stm32f1xx_hal_dma.o
 *fill*         0x080034f2        0x2 
 .text.HAL_GPIO_Init
                0x080034f4      0x308 ./Drivers/STM32F1xx_HAL_Driver/Src/stm32f1xx_hal_gpio.o
                0x080034f4                HAL_GPIO_Init
 .text.HAL_GPIO_ReadPin
                0x080037fc       0x2e ./Drivers/STM32F1xx_HAL_Driver/Src/stm32f1xx_hal_gpio.o
                0x080037fc                HAL_GPIO_ReadPin
 .text.HAL_GPIO_WritePin
                0x0800382a       0x30 ./Drivers/STM32F1xx_HAL_Driver/Src/stm32f1xx_hal_gpio.o
                0x0800382a                HAL_GPIO_WritePin
 .text.HAL_GPIO_TogglePin
                0x0800385a       0x32 ./Drivers/STM32F1xx_HAL_Driver/Src/stm32f1xx_hal_gpio.o
                0x0800385a                HAL_GPIO_TogglePin
 .text.HAL_I2C_Init
                0x0800388c      0x288 ./Drivers/STM32F1xx_HAL_Driver/Src/stm32f1xx_hal_i2c.o
                0x0800388c                HAL_I2C_Init
 .text.HAL_I2C_Mem_Write
                0x08003b14      0x1f4 ./Drivers/STM32F1xx_HAL_Driver/Src/stm32f1xx_hal_i2c.o
                0x08003b14                HAL_I2C_Mem_Write
 .text.I2C_RequestMemoryWrite
                0x08003d08      0x12c ./Drivers/STM32F1xx_HAL_Driver/Src/stm32f1xx_hal_i2c.o
 .text.I2C_WaitOnFlagUntilTimeout
                0x08003e34       0xf4 ./Drivers/STM32F1xx_HAL_Driver/Src/stm32f1xx_hal_i2c.o
 .text.I2C_WaitOnMasterAddressFlagUntilTimeout
                0x08003f28      0x140 ./Drivers/STM32F1xx_HAL_Driver/Src/stm32f1xx_hal_i2c.o
 .text.I2C_WaitOnTXEFlagUntilTimeout
                0x08004068       0x90 ./Drivers/STM32F1xx_HAL_Driver/Src/stm32f1xx_hal_i2c.o
 .text.I2C_WaitOnBTFFlagUntilTimeout
                0x080040f8       0x90 ./Drivers/STM32F1xx_HAL_Driver/Src/stm32f1xx_hal_i2c.o
 .text.I2C_IsAcknowledgeFailed
                0x08004188       0x5c ./Drivers/STM32F1xx_HAL_Driver/Src/stm32f1xx_hal_i2c.o
 .text.HAL_RCC_OscConfig
                0x080041e4      0x504 ./Drivers/STM32F1xx_HAL_Driver/Src/stm32f1xx_hal_rcc.o
                0x080041e4                HAL_RCC_OscConfig
 .text.HAL_RCC_ClockConfig
                0x080046e8      0x1d4 ./Drivers/STM32F1xx_HAL_Driver/Src/stm32f1xx_hal_rcc.o
                0x080046e8                HAL_RCC_ClockConfig
 .text.HAL_RCC_GetSysClockFreq
                0x080048bc       0xa8 ./Drivers/STM32F1xx_HAL_Driver/Src/stm32f1xx_hal_rcc.o
                0x080048bc                HAL_RCC_GetSysClockFreq
 .text.HAL_RCC_GetHCLKFreq
                0x08004964       0x14 ./Drivers/STM32F1xx_HAL_Driver/Src/stm32f1xx_hal_rcc.o
                0x08004964                HAL_RCC_GetHCLKFreq
 .text.HAL_RCC_GetPCLK1Freq
                0x08004978       0x28 ./Drivers/STM32F1xx_HAL_Driver/Src/stm32f1xx_hal_rcc.o
                0x08004978                HAL_RCC_GetPCLK1Freq
 .text.HAL_RCC_GetPCLK2Freq
                0x080049a0       0x28 ./Drivers/STM32F1xx_HAL_Driver/Src/stm32f1xx_hal_rcc.o
                0x080049a0                HAL_RCC_GetPCLK2Freq
 .text.RCC_Delay
                0x080049c8       0x3c ./Drivers/STM32F1xx_HAL_Driver/Src/stm32f1xx_hal_rcc.o
 .text.HAL_RCCEx_PeriphCLKConfig
                0x08004a04      0x16c ./Drivers/STM32F1xx_HAL_Driver/Src/stm32f1xx_hal_rcc_ex.o
                0x08004a04                HAL_RCCEx_PeriphCLKConfig
 .text.HAL_UART_Init
                0x08004b70       0xa0 ./Drivers/STM32F1xx_HAL_Driver/Src/stm32f1xx_hal_uart.o
                0x08004b70                HAL_UART_Init
 .text.HAL_UART_Transmit
                0x08004c10      0x106 ./Drivers/STM32F1xx_HAL_Driver/Src/stm32f1xx_hal_uart.o
                0x08004c10                HAL_UART_Transmit
 .text.HAL_UART_Receive_IT
                0x08004d16       0x4a ./Drivers/STM32F1xx_HAL_Driver/Src/stm32f1xx_hal_uart.o
                0x08004d16                HAL_UART_Receive_IT
 .text.HAL_UART_IRQHandler
                0x08004d60      0x524 ./Drivers/STM32F1xx_HAL_Driver/Src/stm32f1xx_hal_uart.o
                0x08004d60                HAL_UART_IRQHandler
 .text.HAL_UART_TxCpltCallback
                0x08005284       0x12 ./Drivers/STM32F1xx_HAL_Driver/Src/stm32f1xx_hal_uart.o
                0x08005284                HAL_UART_TxCpltCallback
 .text.HAL_UART_ErrorCallback
                0x08005296       0x12 ./Drivers/STM32F1xx_HAL_Driver/Src/stm32f1xx_hal_uart.o
                0x08005296                HAL_UART_ErrorCallback
 .text.HAL_UARTEx_RxEventCallback
                0x080052a8       0x16 ./Drivers/STM32F1xx_HAL_Driver/Src/stm32f1xx_hal_uart.o
                0x080052a8                HAL_UARTEx_RxEventCallback
 .text.UART_WaitOnFlagUntilTimeout
                0x080052be       0xdc ./Drivers/STM32F1xx_HAL_Driver/Src/stm32f1xx_hal_uart.o
 .text.UART_Start_Receive_IT
                0x0800539a       0x72 ./Drivers/STM32F1xx_HAL_Driver/Src/stm32f1xx_hal_uart.o
                0x0800539a                UART_Start_Receive_IT
 .text.UART_EndRxTransfer
                0x0800540c       0xc4 ./Drivers/STM32F1xx_HAL_Driver/Src/stm32f1xx_hal_uart.o
 .text.UART_DMAAbortOnError
                0x080054d0       0x28 ./Drivers/STM32F1xx_HAL_Driver/Src/stm32f1xx_hal_uart.o
 .text.UART_Transmit_IT
                0x080054f8       0x9e ./Drivers/STM32F1xx_HAL_Driver/Src/stm32f1xx_hal_uart.o
 .text.UART_EndTransmit_IT
                0x08005596       0x30 ./Drivers/STM32F1xx_HAL_Driver/Src/stm32f1xx_hal_uart.o
 .text.UART_Receive_IT
                0x080055c6      0x17c ./Drivers/STM32F1xx_HAL_Driver/Src/stm32f1xx_hal_uart.o
 *fill*         0x08005742        0x2 
 .text.UART_SetConfig
                0x08005744      0x11c ./Drivers/STM32F1xx_HAL_Driver/Src/stm32f1xx_hal_uart.o
 .text.LL_GPIO_SetPinMode
                0x08005860       0x64 ./Drivers/STM32F1xx_HAL_Driver/Src/stm32f1xx_ll_gpio.o
 .text.LL_GPIO_SetPinSpeed
                0x080058c4       0x64 ./Drivers/STM32F1xx_HAL_Driver/Src/stm32f1xx_ll_gpio.o
 .text.LL_GPIO_SetPinOutputType
                0x08005928       0x64 ./Drivers/STM32F1xx_HAL_Driver/Src/stm32f1xx_ll_gpio.o
 .text.LL_GPIO_SetPinPull
                0x0800598c       0x44 ./Drivers/STM32F1xx_HAL_Driver/Src/stm32f1xx_ll_gpio.o
 .text.LL_GPIO_Init
                0x080059d0       0xcc ./Drivers/STM32F1xx_HAL_Driver/Src/stm32f1xx_ll_gpio.o
                0x080059d0                LL_GPIO_Init
 .text.LL_RCC_GetSysClkSource
                0x08005a9c       0x18 ./Drivers/STM32F1xx_HAL_Driver/Src/stm32f1xx_ll_rcc.o
 .text.LL_RCC_GetAHBPrescaler
                0x08005ab4       0x18 ./Drivers/STM32F1xx_HAL_Driver/Src/stm32f1xx_ll_rcc.o
 .text.LL_RCC_GetAPB1Prescaler
                0x08005acc       0x18 ./Drivers/STM32F1xx_HAL_Driver/Src/stm32f1xx_ll_rcc.o
 .text.LL_RCC_GetAPB2Prescaler
                0x08005ae4       0x18 ./Drivers/STM32F1xx_HAL_Driver/Src/stm32f1xx_ll_rcc.o
 .text.LL_RCC_PLL_GetMainSource
                0x08005afc       0x18 ./Drivers/STM32F1xx_HAL_Driver/Src/stm32f1xx_ll_rcc.o
 .text.LL_RCC_PLL_GetMultiplicator
                0x08005b14       0x18 ./Drivers/STM32F1xx_HAL_Driver/Src/stm32f1xx_ll_rcc.o
 .text.LL_RCC_PLL_GetPrediv
                0x08005b2c       0x1c ./Drivers/STM32F1xx_HAL_Driver/Src/stm32f1xx_ll_rcc.o
 .text.LL_RCC_GetSystemClocksFreq
                0x08005b48       0x4a ./Drivers/STM32F1xx_HAL_Driver/Src/stm32f1xx_ll_rcc.o
                0x08005b48                LL_RCC_GetSystemClocksFreq
 *fill*         0x08005b92        0x2 
 .text.RCC_GetSystemClockFreq
                0x08005b94       0x4c ./Drivers/STM32F1xx_HAL_Driver/Src/stm32f1xx_ll_rcc.o
                0x08005b94                RCC_GetSystemClockFreq
 .text.RCC_GetHCLKClockFreq
                0x08005be0       0x2c ./Drivers/STM32F1xx_HAL_Driver/Src/stm32f1xx_ll_rcc.o
                0x08005be0                RCC_GetHCLKClockFreq
 .text.RCC_GetPCLK1ClockFreq
                0x08005c0c       0x28 ./Drivers/STM32F1xx_HAL_Driver/Src/stm32f1xx_ll_rcc.o
                0x08005c0c                RCC_GetPCLK1ClockFreq
 .text.RCC_GetPCLK2ClockFreq
                0x08005c34       0x28 ./Drivers/STM32F1xx_HAL_Driver/Src/stm32f1xx_ll_rcc.o
                0x08005c34                RCC_GetPCLK2ClockFreq
 .text.RCC_PLL_GetFreqDomain_SYS
                0x08005c5c       0x64 ./Drivers/STM32F1xx_HAL_Driver/Src/stm32f1xx_ll_rcc.o
                0x08005c5c                RCC_PLL_GetFreqDomain_SYS
 .text.LL_USART_IsEnabled
                0x08005cc0       0x26 ./Drivers/STM32F1xx_HAL_Driver/Src/stm32f1xx_ll_usart.o
 .text.LL_USART_SetStopBitsLength
                0x08005ce6       0x24 ./Drivers/STM32F1xx_HAL_Driver/Src/stm32f1xx_ll_usart.o
 .text.LL_USART_SetHWFlowCtrl
                0x08005d0a       0x24 ./Drivers/STM32F1xx_HAL_Driver/Src/stm32f1xx_ll_usart.o
 *fill*         0x08005d2e        0x2 
 .text.LL_USART_SetBaudRate
                0x08005d30       0xbc ./Drivers/STM32F1xx_HAL_Driver/Src/stm32f1xx_ll_usart.o
 .text.LL_USART_Init
                0x08005dec       0xc0 ./Drivers/STM32F1xx_HAL_Driver/Src/stm32f1xx_ll_usart.o
                0x08005dec                LL_USART_Init
 .text.makeFreeRtosPriority
                0x08005eac       0x2e ./Middlewares/Third_Party/FreeRTOS/Source/CMSIS_RTOS/cmsis_os.o
 .text.osKernelStart
                0x08005eda        0xe ./Middlewares/Third_Party/FreeRTOS/Source/CMSIS_RTOS/cmsis_os.o
                0x08005eda                osKernelStart
 .text.osThreadCreate
                0x08005ee8       0x98 ./Middlewares/Third_Party/FreeRTOS/Source/CMSIS_RTOS/cmsis_os.o
                0x08005ee8                osThreadCreate
 .text.osDelay  0x08005f80       0x28 ./Middlewares/Third_Party/FreeRTOS/Source/CMSIS_RTOS/cmsis_os.o
                0x08005f80                osDelay
 .text.osMessageCreate
                0x08005fa8       0x50 ./Middlewares/Third_Party/FreeRTOS/Source/CMSIS_RTOS/cmsis_os.o
                0x08005fa8                osMessageCreate
 .text.vListInitialise
                0x08005ff8       0x3e ./Middlewares/Third_Party/FreeRTOS/Source/list.o
                0x08005ff8                vListInitialise
 .text.vListInitialiseItem
                0x08006036       0x18 ./Middlewares/Third_Party/FreeRTOS/Source/list.o
                0x08006036                vListInitialiseItem
 .text.vListInsertEnd
                0x0800604e       0x46 ./Middlewares/Third_Party/FreeRTOS/Source/list.o
                0x0800604e                vListInsertEnd
 .text.vListInsert
                0x08006094       0x70 ./Middlewares/Third_Party/FreeRTOS/Source/list.o
                0x08006094                vListInsert
 .text.uxListRemove
                0x08006104       0x52 ./Middlewares/Third_Party/FreeRTOS/Source/list.o
                0x08006104                uxListRemove
 *fill*         0x08006156        0x2 
 .text.xQueueGenericReset
                0x08006158       0xd4 ./Middlewares/Third_Party/FreeRTOS/Source/queue.o
                0x08006158                xQueueGenericReset
 .text.xQueueGenericCreateStatic
                0x0800622c       0xf8 ./Middlewares/Third_Party/FreeRTOS/Source/queue.o
                0x0800622c                xQueueGenericCreateStatic
 .text.xQueueGenericCreate
                0x08006324       0x7e ./Middlewares/Third_Party/FreeRTOS/Source/queue.o
                0x08006324                xQueueGenericCreate
 .text.prvInitialiseNewQueue
                0x080063a2       0x3e ./Middlewares/Third_Party/FreeRTOS/Source/queue.o
 .text.xQueueGenericSend
                0x080063e0      0x204 ./Middlewares/Third_Party/FreeRTOS/Source/queue.o
                0x080063e0                xQueueGenericSend
 .text.xQueueReceive
                0x080065e4      0x1c4 ./Middlewares/Third_Party/FreeRTOS/Source/queue.o
                0x080065e4                xQueueReceive
 .text.prvCopyDataToQueue
                0x080067a8       0xd4 ./Middlewares/Third_Party/FreeRTOS/Source/queue.o
 .text.prvCopyDataFromQueue
                0x0800687c       0x4c ./Middlewares/Third_Party/FreeRTOS/Source/queue.o
 .text.prvUnlockQueue
                0x080068c8       0xa4 ./Middlewares/Third_Party/FreeRTOS/Source/queue.o
 .text.prvIsQueueEmpty
                0x0800696c       0x2c ./Middlewares/Third_Party/FreeRTOS/Source/queue.o
 .text.prvIsQueueFull
                0x08006998       0x30 ./Middlewares/Third_Party/FreeRTOS/Source/queue.o
 .text.xTaskCreateStatic
                0x080069c8       0xbe ./Middlewares/Third_Party/FreeRTOS/Source/tasks.o
                0x080069c8                xTaskCreateStatic
 .text.xTaskCreate
                0x08006a86       0x8a ./Middlewares/Third_Party/FreeRTOS/Source/tasks.o
                0x08006a86                xTaskCreate
 .text.prvInitialiseNewTask
                0x08006b10      0x130 ./Middlewares/Third_Party/FreeRTOS/Source/tasks.o
 .text.prvAddNewTaskToReadyList
                0x08006c40       0xd4 ./Middlewares/Third_Party/FreeRTOS/Source/tasks.o
 .text.vTaskDelay
                0x08006d14       0x6c ./Middlewares/Third_Party/FreeRTOS/Source/tasks.o
                0x08006d14                vTaskDelay
 .text.vTaskStartScheduler
                0x08006d80       0xd4 ./Middlewares/Third_Party/FreeRTOS/Source/tasks.o
                0x08006d80                vTaskStartScheduler
 .text.vTaskSuspendAll
                0x08006e54       0x1c ./Middlewares/Third_Party/FreeRTOS/Source/tasks.o
                0x08006e54                vTaskSuspendAll
 .text.xTaskResumeAll
                0x08006e70      0x13c ./Middlewares/Third_Party/FreeRTOS/Source/tasks.o
                0x08006e70                xTaskResumeAll
 .text.xTaskIncrementTick
                0x08006fac      0x17c ./Middlewares/Third_Party/FreeRTOS/Source/tasks.o
                0x08006fac                xTaskIncrementTick
 .text.vTaskSwitchContext
                0x08007128       0xc4 ./Middlewares/Third_Party/FreeRTOS/Source/tasks.o
                0x08007128                vTaskSwitchContext
 .text.vTaskPlaceOnEventList
                0x080071ec       0x4c ./Middlewares/Third_Party/FreeRTOS/Source/tasks.o
                0x080071ec                vTaskPlaceOnEventList
 .text.xTaskRemoveFromEventList
                0x08007238       0xc8 ./Middlewares/Third_Party/FreeRTOS/Source/tasks.o
                0x08007238                xTaskRemoveFromEventList
 .text.vTaskInternalSetTimeOutState
                0x08007300       0x2c ./Middlewares/Third_Party/FreeRTOS/Source/tasks.o
                0x08007300                vTaskInternalSetTimeOutState
 .text.xTaskCheckForTimeOut
                0x0800732c       0xc8 ./Middlewares/Third_Party/FreeRTOS/Source/tasks.o
                0x0800732c                xTaskCheckForTimeOut
 .text.vTaskMissedYield
                0x080073f4       0x18 ./Middlewares/Third_Party/FreeRTOS/Source/tasks.o
                0x080073f4                vTaskMissedYield
 .text.prvIdleTask
                0x0800740c       0x30 ./Middlewares/Third_Party/FreeRTOS/Source/tasks.o
 .text.prvInitialiseTaskLists
                0x0800743c       0x80 ./Middlewares/Third_Party/FreeRTOS/Source/tasks.o
 .text.prvCheckTasksWaitingTermination
                0x080074bc       0x5c ./Middlewares/Third_Party/FreeRTOS/Source/tasks.o
 .text.prvDeleteTCB
                0x08007518       0x6a ./Middlewares/Third_Party/FreeRTOS/Source/tasks.o
 *fill*         0x08007582        0x2 
 .text.prvResetNextTaskUnblockTime
                0x08007584       0x48 ./Middlewares/Third_Party/FreeRTOS/Source/tasks.o
 .text.xTaskGetSchedulerState
                0x080075cc       0x3c ./Middlewares/Third_Party/FreeRTOS/Source/tasks.o
                0x080075cc                xTaskGetSchedulerState
 .text.xTaskPriorityDisinherit
                0x08007608      0x110 ./Middlewares/Third_Party/FreeRTOS/Source/tasks.o
                0x08007608                xTaskPriorityDisinherit
 .text.prvAddCurrentTaskToDelayedList
                0x08007718       0xcc ./Middlewares/Third_Party/FreeRTOS/Source/tasks.o
 .text.pxPortInitialiseStack
                0x080077e4       0x58 ./Middlewares/Third_Party/FreeRTOS/Source/portable/GCC/ARM_CM3/port.o
                0x080077e4                pxPortInitialiseStack
 .text.prvTaskExitError
                0x0800783c       0x58 ./Middlewares/Third_Party/FreeRTOS/Source/portable/GCC/ARM_CM3/port.o
 *fill*         0x08007894        0xc 
 .text.SVC_Handler
                0x080078a0       0x28 ./Middlewares/Third_Party/FreeRTOS/Source/portable/GCC/ARM_CM3/port.o
                0x080078a0                SVC_Handler
 .text.prvPortStartFirstTask
                0x080078c8       0x20 ./Middlewares/Third_Party/FreeRTOS/Source/portable/GCC/ARM_CM3/port.o
 .text.xPortStartScheduler
                0x080078e8       0xe4 ./Middlewares/Third_Party/FreeRTOS/Source/portable/GCC/ARM_CM3/port.o
                0x080078e8                xPortStartScheduler
 .text.vPortEnterCritical
                0x080079cc       0x60 ./Middlewares/Third_Party/FreeRTOS/Source/portable/GCC/ARM_CM3/port.o
                0x080079cc                vPortEnterCritical
 .text.vPortExitCritical
                0x08007a2c       0x54 ./Middlewares/Third_Party/FreeRTOS/Source/portable/GCC/ARM_CM3/port.o
                0x08007a2c                vPortExitCritical
 .text.PendSV_Handler
                0x08007a80       0x48 ./Middlewares/Third_Party/FreeRTOS/Source/portable/GCC/ARM_CM3/port.o
                0x08007a80                PendSV_Handler
 .text.xPortSysTickHandler
                0x08007ac8       0x44 ./Middlewares/Third_Party/FreeRTOS/Source/portable/GCC/ARM_CM3/port.o
                0x08007ac8                xPortSysTickHandler
 .text.vPortSetupTimerInterrupt
                0x08007b0c       0x44 ./Middlewares/Third_Party/FreeRTOS/Source/portable/GCC/ARM_CM3/port.o
                0x08007b0c                vPortSetupTimerInterrupt
 .text.pvPortMalloc
                0x08007b50       0x24 ./Middlewares/Third_Party/FreeRTOS/Source/portable/MemMang/heap_3.o
                0x08007b50                pvPortMalloc
 .text.vPortFree
                0x08007b74       0x24 ./Middlewares/Third_Party/FreeRTOS/Source/portable/MemMang/heap_3.o
                0x08007b74                vPortFree
 .text.ssd1306_Reset
                0x08007b98        0xc ./OLED_Trinh/ssd1306.o
                0x08007b98                ssd1306_Reset
 .text.ssd1306_WriteCommand
                0x08007ba4       0x30 ./OLED_Trinh/ssd1306.o
                0x08007ba4                ssd1306_WriteCommand
 .text.ssd1306_WriteData
                0x08007bd4       0x34 ./OLED_Trinh/ssd1306.o
                0x08007bd4                ssd1306_WriteData
 .text.ssd1306_Init
                0x08007c08       0xd4 ./OLED_Trinh/ssd1306.o
                0x08007c08                ssd1306_Init
 .text.ssd1306_Fill
                0x08007cdc       0x30 ./OLED_Trinh/ssd1306.o
                0x08007cdc                ssd1306_Fill
 .text.ssd1306_UpdateScreen
                0x08007d0c       0x50 ./OLED_Trinh/ssd1306.o
                0x08007d0c                ssd1306_UpdateScreen
 .text.ssd1306_DrawPixel
                0x08007d5c       0xa4 ./OLED_Trinh/ssd1306.o
                0x08007d5c                ssd1306_DrawPixel
 .text.ssd1306_WriteChar
                0x08007e00      0x110 ./OLED_Trinh/ssd1306.o
                0x08007e00                ssd1306_WriteChar
 .text.ssd1306_WriteString
                0x08007f10       0x4c ./OLED_Trinh/ssd1306.o
                0x08007f10                ssd1306_WriteString
 .text.ssd1306_SetCursor
                0x08007f5c       0x30 ./OLED_Trinh/ssd1306.o
                0x08007f5c                ssd1306_SetCursor
 .text.ssd1306_SetContrast
                0x08007f8c       0x26 ./OLED_Trinh/ssd1306.o
                0x08007f8c                ssd1306_SetContrast
 *fill*         0x08007fb2        0x2 
 .text.ssd1306_SetDisplayOn
                0x08007fb4       0x3c ./OLED_Trinh/ssd1306.o
                0x08007fb4                ssd1306_SetDisplayOn
 .text.msg2SSD1306
                0x08007ff0       0x48 ./OLED_Trinh/ssd1306.o
                0x08007ff0                msg2SSD1306
 .text.display_Bat_InitInfo
                0x08008038       0x4c ./OLED_Trinh/ssd1306.o
                0x08008038                display_Bat_InitInfo
 .text.display_Bat_Info
                0x08008084       0xb0 ./OLED_Trinh/ssd1306.o
                0x08008084                display_Bat_Info
 .text.initBff  0x08008134       0x36 ./OLED_Trinh/ssd1306.o
                0x08008134                initBff
 *fill*         0x0800816a        0x2 
 .text.__NVIC_EnableIRQ
                0x0800816c       0x38 ./Utils/uartstdio.o
 .text.__NVIC_GetEnableIRQ
                0x080081a4       0x40 ./Utils/uartstdio.o
 .text.__NVIC_DisableIRQ
                0x080081e4       0x48 ./Utils/uartstdio.o
 .text.LL_USART_IsActiveFlag_RXNE
                0x0800822c       0x24 ./Utils/uartstdio.o
 .text.LL_USART_IsActiveFlag_TC
                0x08008250       0x24 ./Utils/uartstdio.o
 .text.LL_USART_ClearFlag_TC
                0x08008274       0x1a ./Utils/uartstdio.o
 .text.LL_USART_EnableIT_RXNE
                0x0800828e       0x44 ./Utils/uartstdio.o
 .text.LL_USART_EnableIT_TC
                0x080082d2       0x44 ./Utils/uartstdio.o
 .text.LL_USART_DisableIT_TC
                0x08008316       0x44 ./Utils/uartstdio.o
 .text.LL_USART_ReceiveData8
                0x0800835a       0x18 ./Utils/uartstdio.o
 .text.LL_USART_TransmitData8
                0x08008372       0x1c ./Utils/uartstdio.o
 .text.IsBufferFull
                0x0800838e       0x40 ./Utils/uartstdio.o
 .text.IsBufferEmpty
                0x080083ce       0x2e ./Utils/uartstdio.o
 .text.UARTPrimeTransmit
                0x080083fc       0x68 ./Utils/uartstdio.o
 .text.UARTStdioConfig
                0x08008464       0x54 ./Utils/uartstdio.o
                0x08008464                UARTStdioConfig
 .text.UARTwrite
                0x080084b8       0xdc ./Utils/uartstdio.o
                0x080084b8                UARTwrite
 .text.UARTvprintf
                0x08008594      0x3e8 ./Utils/uartstdio.o
                0x08008594                UARTvprintf
 .text.UARTprintf
                0x0800897c       0x24 ./Utils/uartstdio.o
                0x0800897c                UARTprintf
 .text.UARTFlushRx
                0x080089a0       0x58 ./Utils/uartstdio.o
                0x080089a0                UARTFlushRx
 .text.UARTFlushTx
                0x080089f8       0x80 ./Utils/uartstdio.o
                0x080089f8                UARTFlushTx
 .text.UARTStdioIntHandler
                0x08008a78      0x168 ./Utils/uartstdio.o
                0x08008a78                UARTStdioIntHandler
 .text.malloc   0x08008be0       0x10 D:/STMElectronics/STM32CubeIDE_1.14.0/STM32CubeIDE/plugins/com.st.stm32cube.ide.mcu.externaltools.gnu-tools-for-stm32.12.3.rel1.win32_1.0.100.202403111256/tools/bin/../lib/gcc/arm-none-eabi/12.3.1/../../../../arm-none-eabi/lib/thumb/v7-m/nofp\libc_nano.a(libc_a-malloc.o)
                0x08008be0                malloc
 .text.free     0x08008bf0       0x10 D:/STMElectronics/STM32CubeIDE_1.14.0/STM32CubeIDE/plugins/com.st.stm32cube.ide.mcu.externaltools.gnu-tools-for-stm32.12.3.rel1.win32_1.0.100.202403111256/tools/bin/../lib/gcc/arm-none-eabi/12.3.1/../../../../arm-none-eabi/lib/thumb/v7-m/nofp\libc_nano.a(libc_a-malloc.o)
                0x08008bf0                free
 .text.sbrk_aligned
                0x08008c00       0x44 D:/STMElectronics/STM32CubeIDE_1.14.0/STM32CubeIDE/plugins/com.st.stm32cube.ide.mcu.externaltools.gnu-tools-for-stm32.12.3.rel1.win32_1.0.100.202403111256/tools/bin/../lib/gcc/arm-none-eabi/12.3.1/../../../../arm-none-eabi/lib/thumb/v7-m/nofp\libc_nano.a(libc_a-mallocr.o)
 .text._malloc_r
                0x08008c44      0x100 D:/STMElectronics/STM32CubeIDE_1.14.0/STM32CubeIDE/plugins/com.st.stm32cube.ide.mcu.externaltools.gnu-tools-for-stm32.12.3.rel1.win32_1.0.100.202403111256/tools/bin/../lib/gcc/arm-none-eabi/12.3.1/../../../../arm-none-eabi/lib/thumb/v7-m/nofp\libc_nano.a(libc_a-mallocr.o)
                0x08008c44                _malloc_r
 .text.__malloc_lock
                0x08008d44        0xc D:/STMElectronics/STM32CubeIDE_1.14.0/STM32CubeIDE/plugins/com.st.stm32cube.ide.mcu.externaltools.gnu-tools-for-stm32.12.3.rel1.win32_1.0.100.202403111256/tools/bin/../lib/gcc/arm-none-eabi/12.3.1/../../../../arm-none-eabi/lib/thumb/v7-m/nofp\libc_nano.a(libc_a-mlock.o)
                0x08008d44                __malloc_lock
 .text.__malloc_unlock
                0x08008d50        0xc D:/STMElectronics/STM32CubeIDE_1.14.0/STM32CubeIDE/plugins/com.st.stm32cube.ide.mcu.externaltools.gnu-tools-for-stm32.12.3.rel1.win32_1.0.100.202403111256/tools/bin/../lib/gcc/arm-none-eabi/12.3.1/../../../../arm-none-eabi/lib/thumb/v7-m/nofp\libc_nano.a(libc_a-mlock.o)
                0x08008d50                __malloc_unlock
 .text.gcvt     0x08008d5c       0x48 D:/STMElectronics/STM32CubeIDE_1.14.0/STM32CubeIDE/plugins/com.st.stm32cube.ide.mcu.externaltools.gnu-tools-for-stm32.12.3.rel1.win32_1.0.100.202403111256/tools/bin/../lib/gcc/arm-none-eabi/12.3.1/../../../../arm-none-eabi/lib/thumb/v7-m/nofp\libc_nano.a(libc_a-efgcvt.o)
                0x08008d5c                gcvt
 .text.std      0x08008da4       0x6c D:/STMElectronics/STM32CubeIDE_1.14.0/STM32CubeIDE/plugins/com.st.stm32cube.ide.mcu.externaltools.gnu-tools-for-stm32.12.3.rel1.win32_1.0.100.202403111256/tools/bin/../lib/gcc/arm-none-eabi/12.3.1/../../../../arm-none-eabi/lib/thumb/v7-m/nofp\libc_nano.a(libc_a-findfp.o)
 .text.stdio_exit_handler
                0x08008e10       0x18 D:/STMElectronics/STM32CubeIDE_1.14.0/STM32CubeIDE/plugins/com.st.stm32cube.ide.mcu.externaltools.gnu-tools-for-stm32.12.3.rel1.win32_1.0.100.202403111256/tools/bin/../lib/gcc/arm-none-eabi/12.3.1/../../../../arm-none-eabi/lib/thumb/v7-m/nofp\libc_nano.a(libc_a-findfp.o)
 .text.cleanup_stdio
                0x08008e28       0x40 D:/STMElectronics/STM32CubeIDE_1.14.0/STM32CubeIDE/plugins/com.st.stm32cube.ide.mcu.externaltools.gnu-tools-for-stm32.12.3.rel1.win32_1.0.100.202403111256/tools/bin/../lib/gcc/arm-none-eabi/12.3.1/../../../../arm-none-eabi/lib/thumb/v7-m/nofp\libc_nano.a(libc_a-findfp.o)
 .text.global_stdio_init.part.0
                0x08008e68       0x3c D:/STMElectronics/STM32CubeIDE_1.14.0/STM32CubeIDE/plugins/com.st.stm32cube.ide.mcu.externaltools.gnu-tools-for-stm32.12.3.rel1.win32_1.0.100.202403111256/tools/bin/../lib/gcc/arm-none-eabi/12.3.1/../../../../arm-none-eabi/lib/thumb/v7-m/nofp\libc_nano.a(libc_a-findfp.o)
 .text.__sfp_lock_acquire
                0x08008ea4        0xc D:/STMElectronics/STM32CubeIDE_1.14.0/STM32CubeIDE/plugins/com.st.stm32cube.ide.mcu.externaltools.gnu-tools-for-stm32.12.3.rel1.win32_1.0.100.202403111256/tools/bin/../lib/gcc/arm-none-eabi/12.3.1/../../../../arm-none-eabi/lib/thumb/v7-m/nofp\libc_nano.a(libc_a-findfp.o)
                0x08008ea4                __sfp_lock_acquire
 .text.__sfp_lock_release
                0x08008eb0        0xc D:/STMElectronics/STM32CubeIDE_1.14.0/STM32CubeIDE/plugins/com.st.stm32cube.ide.mcu.externaltools.gnu-tools-for-stm32.12.3.rel1.win32_1.0.100.202403111256/tools/bin/../lib/gcc/arm-none-eabi/12.3.1/../../../../arm-none-eabi/lib/thumb/v7-m/nofp\libc_nano.a(libc_a-findfp.o)
                0x08008eb0                __sfp_lock_release
 .text.__sinit  0x08008ebc       0x30 D:/STMElectronics/STM32CubeIDE_1.14.0/STM32CubeIDE/plugins/com.st.stm32cube.ide.mcu.externaltools.gnu-tools-for-stm32.12.3.rel1.win32_1.0.100.202403111256/tools/bin/../lib/gcc/arm-none-eabi/12.3.1/../../../../arm-none-eabi/lib/thumb/v7-m/nofp\libc_nano.a(libc_a-findfp.o)
                0x08008ebc                __sinit
 .text._fwalk_sglue
                0x08008eec       0x3c D:/STMElectronics/STM32CubeIDE_1.14.0/STM32CubeIDE/plugins/com.st.stm32cube.ide.mcu.externaltools.gnu-tools-for-stm32.12.3.rel1.win32_1.0.100.202403111256/tools/bin/../lib/gcc/arm-none-eabi/12.3.1/../../../../arm-none-eabi/lib/thumb/v7-m/nofp\libc_nano.a(libc_a-fwalk.o)
                0x08008eec                _fwalk_sglue
 .text.__sread  0x08008f28       0x22 D:/STMElectronics/STM32CubeIDE_1.14.0/STM32CubeIDE/plugins/com.st.stm32cube.ide.mcu.externaltools.gnu-tools-for-stm32.12.3.rel1.win32_1.0.100.202403111256/tools/bin/../lib/gcc/arm-none-eabi/12.3.1/../../../../arm-none-eabi/lib/thumb/v7-m/nofp\libc_nano.a(libc_a-stdio.o)
                0x08008f28                __sread
 .text.__swrite
                0x08008f4a       0x38 D:/STMElectronics/STM32CubeIDE_1.14.0/STM32CubeIDE/plugins/com.st.stm32cube.ide.mcu.externaltools.gnu-tools-for-stm32.12.3.rel1.win32_1.0.100.202403111256/tools/bin/../lib/gcc/arm-none-eabi/12.3.1/../../../../arm-none-eabi/lib/thumb/v7-m/nofp\libc_nano.a(libc_a-stdio.o)
                0x08008f4a                __swrite
 .text.__sseek  0x08008f82       0x24 D:/STMElectronics/STM32CubeIDE_1.14.0/STM32CubeIDE/plugins/com.st.stm32cube.ide.mcu.externaltools.gnu-tools-for-stm32.12.3.rel1.win32_1.0.100.202403111256/tools/bin/../lib/gcc/arm-none-eabi/12.3.1/../../../../arm-none-eabi/lib/thumb/v7-m/nofp\libc_nano.a(libc_a-stdio.o)
                0x08008f82                __sseek
 .text.__sclose
                0x08008fa6        0x8 D:/STMElectronics/STM32CubeIDE_1.14.0/STM32CubeIDE/plugins/com.st.stm32cube.ide.mcu.externaltools.gnu-tools-for-stm32.12.3.rel1.win32_1.0.100.202403111256/tools/bin/../lib/gcc/arm-none-eabi/12.3.1/../../../../arm-none-eabi/lib/thumb/v7-m/nofp\libc_nano.a(libc_a-stdio.o)
                0x08008fa6                __sclose
 .text.memset   0x08008fae       0x10 D:/STMElectronics/STM32CubeIDE_1.14.0/STM32CubeIDE/plugins/com.st.stm32cube.ide.mcu.externaltools.gnu-tools-for-stm32.12.3.rel1.win32_1.0.100.202403111256/tools/bin/../lib/gcc/arm-none-eabi/12.3.1/../../../../arm-none-eabi/lib/thumb/v7-m/nofp\libc_nano.a(libc_a-memset.o)
                0x08008fae                memset
 *fill*         0x08008fbe        0x2 
 .text._close_r
                0x08008fc0       0x20 D:/STMElectronics/STM32CubeIDE_1.14.0/STM32CubeIDE/plugins/com.st.stm32cube.ide.mcu.externaltools.gnu-tools-for-stm32.12.3.rel1.win32_1.0.100.202403111256/tools/bin/../lib/gcc/arm-none-eabi/12.3.1/../../../../arm-none-eabi/lib/thumb/v7-m/nofp\libc_nano.a(libc_a-closer.o)
                0x08008fc0                _close_r
 .text._reclaim_reent
                0x08008fe0       0xac D:/STMElectronics/STM32CubeIDE_1.14.0/STM32CubeIDE/plugins/com.st.stm32cube.ide.mcu.externaltools.gnu-tools-for-stm32.12.3.rel1.win32_1.0.100.202403111256/tools/bin/../lib/gcc/arm-none-eabi/12.3.1/../../../../arm-none-eabi/lib/thumb/v7-m/nofp\libc_nano.a(libc_a-reent.o)
                0x08008fe0                _reclaim_reent
 .text._lseek_r
                0x0800908c       0x24 D:/STMElectronics/STM32CubeIDE_1.14.0/STM32CubeIDE/plugins/com.st.stm32cube.ide.mcu.externaltools.gnu-tools-for-stm32.12.3.rel1.win32_1.0.100.202403111256/tools/bin/../lib/gcc/arm-none-eabi/12.3.1/../../../../arm-none-eabi/lib/thumb/v7-m/nofp\libc_nano.a(libc_a-lseekr.o)
                0x0800908c                _lseek_r
 .text._read_r  0x080090b0       0x24 D:/STMElectronics/STM32CubeIDE_1.14.0/STM32CubeIDE/plugins/com.st.stm32cube.ide.mcu.externaltools.gnu-tools-for-stm32.12.3.rel1.win32_1.0.100.202403111256/tools/bin/../lib/gcc/arm-none-eabi/12.3.1/../../../../arm-none-eabi/lib/thumb/v7-m/nofp\libc_nano.a(libc_a-readr.o)
                0x080090b0                _read_r
 .text._sbrk_r  0x080090d4       0x20 D:/STMElectronics/STM32CubeIDE_1.14.0/STM32CubeIDE/plugins/com.st.stm32cube.ide.mcu.externaltools.gnu-tools-for-stm32.12.3.rel1.win32_1.0.100.202403111256/tools/bin/../lib/gcc/arm-none-eabi/12.3.1/../../../../arm-none-eabi/lib/thumb/v7-m/nofp\libc_nano.a(libc_a-sbrkr.o)
                0x080090d4                _sbrk_r
 .text._write_r
                0x080090f4       0x24 D:/STMElectronics/STM32CubeIDE_1.14.0/STM32CubeIDE/plugins/com.st.stm32cube.ide.mcu.externaltools.gnu-tools-for-stm32.12.3.rel1.win32_1.0.100.202403111256/tools/bin/../lib/gcc/arm-none-eabi/12.3.1/../../../../arm-none-eabi/lib/thumb/v7-m/nofp\libc_nano.a(libc_a-writer.o)
                0x080090f4                _write_r
 .text.__errno  0x08009118        0xc D:/STMElectronics/STM32CubeIDE_1.14.0/STM32CubeIDE/plugins/com.st.stm32cube.ide.mcu.externaltools.gnu-tools-for-stm32.12.3.rel1.win32_1.0.100.202403111256/tools/bin/../lib/gcc/arm-none-eabi/12.3.1/../../../../arm-none-eabi/lib/thumb/v7-m/nofp\libc_nano.a(libc_a-errno.o)
                0x08009118                __errno
 .text.__libc_init_array
                0x08009124       0x48 D:/STMElectronics/STM32CubeIDE_1.14.0/STM32CubeIDE/plugins/com.st.stm32cube.ide.mcu.externaltools.gnu-tools-for-stm32.12.3.rel1.win32_1.0.100.202403111256/tools/bin/../lib/gcc/arm-none-eabi/12.3.1/../../../../arm-none-eabi/lib/thumb/v7-m/nofp\libc_nano.a(libc_a-init.o)
                0x08009124                __libc_init_array
 .text.__retarget_lock_init_recursive
                0x0800916c        0x2 D:/STMElectronics/STM32CubeIDE_1.14.0/STM32CubeIDE/plugins/com.st.stm32cube.ide.mcu.externaltools.gnu-tools-for-stm32.12.3.rel1.win32_1.0.100.202403111256/tools/bin/../lib/gcc/arm-none-eabi/12.3.1/../../../../arm-none-eabi/lib/thumb/v7-m/nofp\libc_nano.a(libc_a-lock.o)
                0x0800916c                __retarget_lock_init_recursive
 .text.__retarget_lock_acquire_recursive
                0x0800916e        0x2 D:/STMElectronics/STM32CubeIDE_1.14.0/STM32CubeIDE/plugins/com.st.stm32cube.ide.mcu.externaltools.gnu-tools-for-stm32.12.3.rel1.win32_1.0.100.202403111256/tools/bin/../lib/gcc/arm-none-eabi/12.3.1/../../../../arm-none-eabi/lib/thumb/v7-m/nofp\libc_nano.a(libc_a-lock.o)
                0x0800916e                __retarget_lock_acquire_recursive
 .text.__retarget_lock_release_recursive
                0x08009170        0x2 D:/STMElectronics/STM32CubeIDE_1.14.0/STM32CubeIDE/plugins/com.st.stm32cube.ide.mcu.externaltools.gnu-tools-for-stm32.12.3.rel1.win32_1.0.100.202403111256/tools/bin/../lib/gcc/arm-none-eabi/12.3.1/../../../../arm-none-eabi/lib/thumb/v7-m/nofp\libc_nano.a(libc_a-lock.o)
                0x08009170                __retarget_lock_release_recursive
 .text.memcpy   0x08009172       0x1c D:/STMElectronics/STM32CubeIDE_1.14.0/STM32CubeIDE/plugins/com.st.stm32cube.ide.mcu.externaltools.gnu-tools-for-stm32.12.3.rel1.win32_1.0.100.202403111256/tools/bin/../lib/gcc/arm-none-eabi/12.3.1/../../../../arm-none-eabi/lib/thumb/v7-m/nofp\libc_nano.a(libc_a-memcpy-stub.o)
                0x08009172                memcpy
 *fill*         0x0800918e        0x2 
 .text._free_r  0x08009190       0x90 D:/STMElectronics/STM32CubeIDE_1.14.0/STM32CubeIDE/plugins/com.st.stm32cube.ide.mcu.externaltools.gnu-tools-for-stm32.12.3.rel1.win32_1.0.100.202403111256/tools/bin/../lib/gcc/arm-none-eabi/12.3.1/../../../../arm-none-eabi/lib/thumb/v7-m/nofp\libc_nano.a(libc_a-freer.o)
                0x08009190                _free_r
 .text.print_e  0x08009220       0xee D:/STMElectronics/STM32CubeIDE_1.14.0/STM32CubeIDE/plugins/com.st.stm32cube.ide.mcu.externaltools.gnu-tools-for-stm32.12.3.rel1.win32_1.0.100.202403111256/tools/bin/../lib/gcc/arm-none-eabi/12.3.1/../../../../arm-none-eabi/lib/thumb/v7-m/nofp\libc_nano.a(libc_a-ecvtbuf.o)
 *fill*         0x0800930e        0x2 
 .text._gcvt    0x08009310      0x188 D:/STMElectronics/STM32CubeIDE_1.14.0/STM32CubeIDE/plugins/com.st.stm32cube.ide.mcu.externaltools.gnu-tools-for-stm32.12.3.rel1.win32_1.0.100.202403111256/tools/bin/../lib/gcc/arm-none-eabi/12.3.1/../../../../arm-none-eabi/lib/thumb/v7-m/nofp\libc_nano.a(libc_a-ecvtbuf.o)
                0x08009310                _gcvt
 .text.__sflush_r
                0x08009498      0x100 D:/STMElectronics/STM32CubeIDE_1.14.0/STM32CubeIDE/plugins/com.st.stm32cube.ide.mcu.externaltools.gnu-tools-for-stm32.12.3.rel1.win32_1.0.100.202403111256/tools/bin/../lib/gcc/arm-none-eabi/12.3.1/../../../../arm-none-eabi/lib/thumb/v7-m/nofp\libc_nano.a(libc_a-fflush.o)
                0x08009498                __sflush_r
 .text._fflush_r
                0x08009598       0x50 D:/STMElectronics/STM32CubeIDE_1.14.0/STM32CubeIDE/plugins/com.st.stm32cube.ide.mcu.externaltools.gnu-tools-for-stm32.12.3.rel1.win32_1.0.100.202403111256/tools/bin/../lib/gcc/arm-none-eabi/12.3.1/../../../../arm-none-eabi/lib/thumb/v7-m/nofp\libc_nano.a(libc_a-fflush.o)
                0x08009598                _fflush_r
 .text.strcpy   0x080095e8       0x10 D:/STMElectronics/STM32CubeIDE_1.14.0/STM32CubeIDE/plugins/com.st.stm32cube.ide.mcu.externaltools.gnu-tools-for-stm32.12.3.rel1.win32_1.0.100.202403111256/tools/bin/../lib/gcc/arm-none-eabi/12.3.1/../../../../arm-none-eabi/lib/thumb/v7-m/nofp\libc_nano.a(libc_a-strcpy.o)
                0x080095e8                strcpy
 .text.quorem   0x080095f8      0x110 D:/STMElectronics/STM32CubeIDE_1.14.0/STM32CubeIDE/plugins/com.st.stm32cube.ide.mcu.externaltools.gnu-tools-for-stm32.12.3.rel1.win32_1.0.100.202403111256/tools/bin/../lib/gcc/arm-none-eabi/12.3.1/../../../../arm-none-eabi/lib/thumb/v7-m/nofp\libc_nano.a(libc_a-dtoa.o)
 .text._dtoa_r  0x08009708      0xb90 D:/STMElectronics/STM32CubeIDE_1.14.0/STM32CubeIDE/plugins/com.st.stm32cube.ide.mcu.externaltools.gnu-tools-for-stm32.12.3.rel1.win32_1.0.100.202403111256/tools/bin/../lib/gcc/arm-none-eabi/12.3.1/../../../../arm-none-eabi/lib/thumb/v7-m/nofp\libc_nano.a(libc_a-dtoa.o)
                0x08009708                _dtoa_r
 .text._Balloc  0x0800a298       0x80 D:/STMElectronics/STM32CubeIDE_1.14.0/STM32CubeIDE/plugins/com.st.stm32cube.ide.mcu.externaltools.gnu-tools-for-stm32.12.3.rel1.win32_1.0.100.202403111256/tools/bin/../lib/gcc/arm-none-eabi/12.3.1/../../../../arm-none-eabi/lib/thumb/v7-m/nofp\libc_nano.a(libc_a-mprec.o)
                0x0800a298                _Balloc
 .text._Bfree   0x0800a318       0x44 D:/STMElectronics/STM32CubeIDE_1.14.0/STM32CubeIDE/plugins/com.st.stm32cube.ide.mcu.externaltools.gnu-tools-for-stm32.12.3.rel1.win32_1.0.100.202403111256/tools/bin/../lib/gcc/arm-none-eabi/12.3.1/../../../../arm-none-eabi/lib/thumb/v7-m/nofp\libc_nano.a(libc_a-mprec.o)
                0x0800a318                _Bfree
 .text.__multadd
                0x0800a35c       0x8c D:/STMElectronics/STM32CubeIDE_1.14.0/STM32CubeIDE/plugins/com.st.stm32cube.ide.mcu.externaltools.gnu-tools-for-stm32.12.3.rel1.win32_1.0.100.202403111256/tools/bin/../lib/gcc/arm-none-eabi/12.3.1/../../../../arm-none-eabi/lib/thumb/v7-m/nofp\libc_nano.a(libc_a-mprec.o)
                0x0800a35c                __multadd
 .text.__hi0bits
                0x0800a3e8       0x3e D:/STMElectronics/STM32CubeIDE_1.14.0/STM32CubeIDE/plugins/com.st.stm32cube.ide.mcu.externaltools.gnu-tools-for-stm32.12.3.rel1.win32_1.0.100.202403111256/tools/bin/../lib/gcc/arm-none-eabi/12.3.1/../../../../arm-none-eabi/lib/thumb/v7-m/nofp\libc_nano.a(libc_a-mprec.o)
                0x0800a3e8                __hi0bits
 .text.__lo0bits
                0x0800a426       0x5a D:/STMElectronics/STM32CubeIDE_1.14.0/STM32CubeIDE/plugins/com.st.stm32cube.ide.mcu.externaltools.gnu-tools-for-stm32.12.3.rel1.win32_1.0.100.202403111256/tools/bin/../lib/gcc/arm-none-eabi/12.3.1/../../../../arm-none-eabi/lib/thumb/v7-m/nofp\libc_nano.a(libc_a-mprec.o)
                0x0800a426                __lo0bits
 .text.__i2b    0x0800a480       0x2c D:/STMElectronics/STM32CubeIDE_1.14.0/STM32CubeIDE/plugins/com.st.stm32cube.ide.mcu.externaltools.gnu-tools-for-stm32.12.3.rel1.win32_1.0.100.202403111256/tools/bin/../lib/gcc/arm-none-eabi/12.3.1/../../../../arm-none-eabi/lib/thumb/v7-m/nofp\libc_nano.a(libc_a-mprec.o)
                0x0800a480                __i2b
 .text.__multiply
                0x0800a4ac      0x150 D:/STMElectronics/STM32CubeIDE_1.14.0/STM32CubeIDE/plugins/com.st.stm32cube.ide.mcu.externaltools.gnu-tools-for-stm32.12.3.rel1.win32_1.0.100.202403111256/tools/bin/../lib/gcc/arm-none-eabi/12.3.1/../../../../arm-none-eabi/lib/thumb/v7-m/nofp\libc_nano.a(libc_a-mprec.o)
                0x0800a4ac                __multiply
 .text.__pow5mult
                0x0800a5fc       0xb4 D:/STMElectronics/STM32CubeIDE_1.14.0/STM32CubeIDE/plugins/com.st.stm32cube.ide.mcu.externaltools.gnu-tools-for-stm32.12.3.rel1.win32_1.0.100.202403111256/tools/bin/../lib/gcc/arm-none-eabi/12.3.1/../../../../arm-none-eabi/lib/thumb/v7-m/nofp\libc_nano.a(libc_a-mprec.o)
                0x0800a5fc                __pow5mult
 .text.__lshift
                0x0800a6b0       0xd8 D:/STMElectronics/STM32CubeIDE_1.14.0/STM32CubeIDE/plugins/com.st.stm32cube.ide.mcu.externaltools.gnu-tools-for-stm32.12.3.rel1.win32_1.0.100.202403111256/tools/bin/../lib/gcc/arm-none-eabi/12.3.1/../../../../arm-none-eabi/lib/thumb/v7-m/nofp\libc_nano.a(libc_a-mprec.o)
                0x0800a6b0                __lshift
 .text.__mcmp   0x0800a788       0x36 D:/STMElectronics/STM32CubeIDE_1.14.0/STM32CubeIDE/plugins/com.st.stm32cube.ide.mcu.externaltools.gnu-tools-for-stm32.12.3.rel1.win32_1.0.100.202403111256/tools/bin/../lib/gcc/arm-none-eabi/12.3.1/../../../../arm-none-eabi/lib/thumb/v7-m/nofp\libc_nano.a(libc_a-mprec.o)
                0x0800a788                __mcmp
 *fill*         0x0800a7be        0x2 
 .text.__mdiff  0x0800a7c0      0x128 D:/STMElectronics/STM32CubeIDE_1.14.0/STM32CubeIDE/plugins/com.st.stm32cube.ide.mcu.externaltools.gnu-tools-for-stm32.12.3.rel1.win32_1.0.100.202403111256/tools/bin/../lib/gcc/arm-none-eabi/12.3.1/../../../../arm-none-eabi/lib/thumb/v7-m/nofp\libc_nano.a(libc_a-mprec.o)
                0x0800a7c0                __mdiff
 .text.__d2b    0x0800a8e8       0xb0 D:/STMElectronics/STM32CubeIDE_1.14.0/STM32CubeIDE/plugins/com.st.stm32cube.ide.mcu.externaltools.gnu-tools-for-stm32.12.3.rel1.win32_1.0.100.202403111256/tools/bin/../lib/gcc/arm-none-eabi/12.3.1/../../../../arm-none-eabi/lib/thumb/v7-m/nofp\libc_nano.a(libc_a-mprec.o)
                0x0800a8e8                __d2b
 .text._mprec_log10
                0x0800a998       0x38 D:/STMElectronics/STM32CubeIDE_1.14.0/STM32CubeIDE/plugins/com.st.stm32cube.ide.mcu.externaltools.gnu-tools-for-stm32.12.3.rel1.win32_1.0.100.202403111256/tools/bin/../lib/gcc/arm-none-eabi/12.3.1/../../../../arm-none-eabi/lib/thumb/v7-m/nofp\libc_nano.a(libc_a-mprec.o)
                0x0800a998                _mprec_log10
 .text.__assert_func
                0x0800a9d0       0x3c D:/STMElectronics/STM32CubeIDE_1.14.0/STM32CubeIDE/plugins/com.st.stm32cube.ide.mcu.externaltools.gnu-tools-for-stm32.12.3.rel1.win32_1.0.100.202403111256/tools/bin/../lib/gcc/arm-none-eabi/12.3.1/../../../../arm-none-eabi/lib/thumb/v7-m/nofp\libc_nano.a(libc_a-assert.o)
                0x0800a9d0                __assert_func
 .text._calloc_r
                0x0800aa0c       0x28 D:/STMElectronics/STM32CubeIDE_1.14.0/STM32CubeIDE/plugins/com.st.stm32cube.ide.mcu.externaltools.gnu-tools-for-stm32.12.3.rel1.win32_1.0.100.202403111256/tools/bin/../lib/gcc/arm-none-eabi/12.3.1/../../../../arm-none-eabi/lib/thumb/v7-m/nofp\libc_nano.a(libc_a-callocr.o)
                0x0800aa0c                _calloc_r
 .text.fprintf  0x0800aa34       0x24 D:/STMElectronics/STM32CubeIDE_1.14.0/STM32CubeIDE/plugins/com.st.stm32cube.ide.mcu.externaltools.gnu-tools-for-stm32.12.3.rel1.win32_1.0.100.202403111256/tools/bin/../lib/gcc/arm-none-eabi/12.3.1/../../../../arm-none-eabi/lib/thumb/v7-m/nofp\libc_nano.a(libc_a-fprintf.o)
                0x0800aa34                fiprintf
                0x0800aa34                fprintf
 .text.abort    0x0800aa58        0xe D:/STMElectronics/STM32CubeIDE_1.14.0/STM32CubeIDE/plugins/com.st.stm32cube.ide.mcu.externaltools.gnu-tools-for-stm32.12.3.rel1.win32_1.0.100.202403111256/tools/bin/../lib/gcc/arm-none-eabi/12.3.1/../../../../arm-none-eabi/lib/thumb/v7-m/nofp\libc_nano.a(libc_a-abort.o)
                0x0800aa58                abort
 .text.__sfputc_r
                0x0800aa66       0x2a D:/STMElectronics/STM32CubeIDE_1.14.0/STM32CubeIDE/plugins/com.st.stm32cube.ide.mcu.externaltools.gnu-tools-for-stm32.12.3.rel1.win32_1.0.100.202403111256/tools/bin/../lib/gcc/arm-none-eabi/12.3.1/../../../../arm-none-eabi/lib/thumb/v7-m/nofp\libc_nano.a(libc_a-nano-vfprintf.o)
 .text.__sfputs_r
                0x0800aa90       0x24 D:/STMElectronics/STM32CubeIDE_1.14.0/STM32CubeIDE/plugins/com.st.stm32cube.ide.mcu.externaltools.gnu-tools-for-stm32.12.3.rel1.win32_1.0.100.202403111256/tools/bin/../lib/gcc/arm-none-eabi/12.3.1/../../../../arm-none-eabi/lib/thumb/v7-m/nofp\libc_nano.a(libc_a-nano-vfprintf.o)
                0x0800aa90                __sfputs_r
 .text._vfprintf_r
                0x0800aab4      0x230 D:/STMElectronics/STM32CubeIDE_1.14.0/STM32CubeIDE/plugins/com.st.stm32cube.ide.mcu.externaltools.gnu-tools-for-stm32.12.3.rel1.win32_1.0.100.202403111256/tools/bin/../lib/gcc/arm-none-eabi/12.3.1/../../../../arm-none-eabi/lib/thumb/v7-m/nofp\libc_nano.a(libc_a-nano-vfprintf.o)
                0x0800aab4                _vfprintf_r
                0x0800aab4                _vfiprintf_r
 .text._printf_common
                0x0800ace4       0xe4 D:/STMElectronics/STM32CubeIDE_1.14.0/STM32CubeIDE/plugins/com.st.stm32cube.ide.mcu.externaltools.gnu-tools-for-stm32.12.3.rel1.win32_1.0.100.202403111256/tools/bin/../lib/gcc/arm-none-eabi/12.3.1/../../../../arm-none-eabi/lib/thumb/v7-m/nofp\libc_nano.a(libc_a-nano-vfprintf_i.o)
                0x0800ace4                _printf_common
 .text._printf_i
                0x0800adc8      0x240 D:/STMElectronics/STM32CubeIDE_1.14.0/STM32CubeIDE/plugins/com.st.stm32cube.ide.mcu.externaltools.gnu-tools-for-stm32.12.3.rel1.win32_1.0.100.202403111256/tools/bin/../lib/gcc/arm-none-eabi/12.3.1/../../../../arm-none-eabi/lib/thumb/v7-m/nofp\libc_nano.a(libc_a-nano-vfprintf_i.o)
                0x0800adc8                _printf_i
 .text.__swbuf_r
                0x0800b008       0x7c D:/STMElectronics/STM32CubeIDE_1.14.0/STM32CubeIDE/plugins/com.st.stm32cube.ide.mcu.externaltools.gnu-tools-for-stm32.12.3.rel1.win32_1.0.100.202403111256/tools/bin/../lib/gcc/arm-none-eabi/12.3.1/../../../../arm-none-eabi/lib/thumb/v7-m/nofp\libc_nano.a(libc_a-wbuf.o)
                0x0800b008                __swbuf_r
 .text.__swsetup_r
                0x0800b084       0xac D:/STMElectronics/STM32CubeIDE_1.14.0/STM32CubeIDE/plugins/com.st.stm32cube.ide.mcu.externaltools.gnu-tools-for-stm32.12.3.rel1.win32_1.0.100.202403111256/tools/bin/../lib/gcc/arm-none-eabi/12.3.1/../../../../arm-none-eabi/lib/thumb/v7-m/nofp\libc_nano.a(libc_a-wsetup.o)
                0x0800b084                __swsetup_r
 .text._raise_r
                0x0800b130       0x50 D:/STMElectronics/STM32CubeIDE_1.14.0/STM32CubeIDE/plugins/com.st.stm32cube.ide.mcu.externaltools.gnu-tools-for-stm32.12.3.rel1.win32_1.0.100.202403111256/tools/bin/../lib/gcc/arm-none-eabi/12.3.1/../../../../arm-none-eabi/lib/thumb/v7-m/nofp\libc_nano.a(libc_a-signal.o)
                0x0800b130                _raise_r
 .text.raise    0x0800b180       0x10 D:/STMElectronics/STM32CubeIDE_1.14.0/STM32CubeIDE/plugins/com.st.stm32cube.ide.mcu.externaltools.gnu-tools-for-stm32.12.3.rel1.win32_1.0.100.202403111256/tools/bin/../lib/gcc/arm-none-eabi/12.3.1/../../../../arm-none-eabi/lib/thumb/v7-m/nofp\libc_nano.a(libc_a-signal.o)
                0x0800b180                raise
 .text._kill_r  0x0800b190       0x24 D:/STMElectronics/STM32CubeIDE_1.14.0/STM32CubeIDE/plugins/com.st.stm32cube.ide.mcu.externaltools.gnu-tools-for-stm32.12.3.rel1.win32_1.0.100.202403111256/tools/bin/../lib/gcc/arm-none-eabi/12.3.1/../../../../arm-none-eabi/lib/thumb/v7-m/nofp\libc_nano.a(libc_a-signalr.o)
                0x0800b190                _kill_r
 .text._getpid_r
                0x0800b1b4        0x4 D:/STMElectronics/STM32CubeIDE_1.14.0/STM32CubeIDE/plugins/com.st.stm32cube.ide.mcu.externaltools.gnu-tools-for-stm32.12.3.rel1.win32_1.0.100.202403111256/tools/bin/../lib/gcc/arm-none-eabi/12.3.1/../../../../arm-none-eabi/lib/thumb/v7-m/nofp\libc_nano.a(libc_a-signalr.o)
                0x0800b1b4                _getpid_r
 .text.memchr   0x0800b1b8       0x1c D:/STMElectronics/STM32CubeIDE_1.14.0/STM32CubeIDE/plugins/com.st.stm32cube.ide.mcu.externaltools.gnu-tools-for-stm32.12.3.rel1.win32_1.0.100.202403111256/tools/bin/../lib/gcc/arm-none-eabi/12.3.1/../../../../arm-none-eabi/lib/thumb/v7-m/nofp\libc_nano.a(libc_a-memchr-stub.o)
                0x0800b1b8                memchr
 .text.__swhatbuf_r
                0x0800b1d4       0x4a D:/STMElectronics/STM32CubeIDE_1.14.0/STM32CubeIDE/plugins/com.st.stm32cube.ide.mcu.externaltools.gnu-tools-for-stm32.12.3.rel1.win32_1.0.100.202403111256/tools/bin/../lib/gcc/arm-none-eabi/12.3.1/../../../../arm-none-eabi/lib/thumb/v7-m/nofp\libc_nano.a(libc_a-makebuf.o)
                0x0800b1d4                __swhatbuf_r
 .text.__smakebuf_r
                0x0800b21e       0x78 D:/STMElectronics/STM32CubeIDE_1.14.0/STM32CubeIDE/plugins/com.st.stm32cube.ide.mcu.externaltools.gnu-tools-for-stm32.12.3.rel1.win32_1.0.100.202403111256/tools/bin/../lib/gcc/arm-none-eabi/12.3.1/../../../../arm-none-eabi/lib/thumb/v7-m/nofp\libc_nano.a(libc_a-makebuf.o)
                0x0800b21e                __smakebuf_r
 *fill*         0x0800b296        0x2 
 .text._fstat_r
                0x0800b298       0x24 D:/STMElectronics/STM32CubeIDE_1.14.0/STM32CubeIDE/plugins/com.st.stm32cube.ide.mcu.externaltools.gnu-tools-for-stm32.12.3.rel1.win32_1.0.100.202403111256/tools/bin/../lib/gcc/arm-none-eabi/12.3.1/../../../../arm-none-eabi/lib/thumb/v7-m/nofp\libc_nano.a(libc_a-fstatr.o)
                0x0800b298                _fstat_r
 .text._isatty_r
                0x0800b2bc       0x20 D:/STMElectronics/STM32CubeIDE_1.14.0/STM32CubeIDE/plugins/com.st.stm32cube.ide.mcu.externaltools.gnu-tools-for-stm32.12.3.rel1.win32_1.0.100.202403111256/tools/bin/../lib/gcc/arm-none-eabi/12.3.1/../../../../arm-none-eabi/lib/thumb/v7-m/nofp\libc_nano.a(libc_a-isattyr.o)
                0x0800b2bc                _isatty_r
 .text.log      0x0800b2dc       0x64 D:/STMElectronics/STM32CubeIDE_1.14.0/STM32CubeIDE/plugins/com.st.stm32cube.ide.mcu.externaltools.gnu-tools-for-stm32.12.3.rel1.win32_1.0.100.202403111256/tools/bin/../lib/gcc/arm-none-eabi/12.3.1/../../../../arm-none-eabi/lib/thumb/v7-m/nofp\libm.a(libm_a-w_log.o)
                0x0800b2dc                log
 .text.nan      0x0800b340        0xc D:/STMElectronics/STM32CubeIDE_1.14.0/STM32CubeIDE/plugins/com.st.stm32cube.ide.mcu.externaltools.gnu-tools-for-stm32.12.3.rel1.win32_1.0.100.202403111256/tools/bin/../lib/gcc/arm-none-eabi/12.3.1/../../../../arm-none-eabi/lib/thumb/v7-m/nofp\libm.a(libm_a-s_nan.o)
                0x0800b340                nan
 *fill*         0x0800b34c        0x4 
 .text.__ieee754_log
                0x0800b350      0x364 D:/STMElectronics/STM32CubeIDE_1.14.0/STM32CubeIDE/plugins/com.st.stm32cube.ide.mcu.externaltools.gnu-tools-for-stm32.12.3.rel1.win32_1.0.100.202403111256/tools/bin/../lib/gcc/arm-none-eabi/12.3.1/../../../../arm-none-eabi/lib/thumb/v7-m/nofp\libm.a(libm_a-e_log.o)
                0x0800b350                __ieee754_log
 *(.glue_7)
 .glue_7        0x0800b6b4        0x0 linker stubs
 *(.glue_7t)
 .glue_7t       0x0800b6b4        0x0 linker stubs
 *(.eh_frame)
 .eh_frame      0x0800b6b4        0x0 D:/STMElectronics/STM32CubeIDE_1.14.0/STM32CubeIDE/plugins/com.st.stm32cube.ide.mcu.externaltools.gnu-tools-for-stm32.12.3.rel1.win32_1.0.100.202403111256/tools/bin/../lib/gcc/arm-none-eabi/12.3.1/thumb/v7-m/nofp/crtbegin.o
 *(.init)
 .init          0x0800b6b4        0x4 D:/STMElectronics/STM32CubeIDE_1.14.0/STM32CubeIDE/plugins/com.st.stm32cube.ide.mcu.externaltools.gnu-tools-for-stm32.12.3.rel1.win32_1.0.100.202403111256/tools/bin/../lib/gcc/arm-none-eabi/12.3.1/thumb/v7-m/nofp/crti.o
                0x0800b6b4                _init
 .init          0x0800b6b8        0x8 D:/STMElectronics/STM32CubeIDE_1.14.0/STM32CubeIDE/plugins/com.st.stm32cube.ide.mcu.externaltools.gnu-tools-for-stm32.12.3.rel1.win32_1.0.100.202403111256/tools/bin/../lib/gcc/arm-none-eabi/12.3.1/thumb/v7-m/nofp/crtn.o
 *(.fini)
 .fini          0x0800b6c0        0x4 D:/STMElectronics/STM32CubeIDE_1.14.0/STM32CubeIDE/plugins/com.st.stm32cube.ide.mcu.externaltools.gnu-tools-for-stm32.12.3.rel1.win32_1.0.100.202403111256/tools/bin/../lib/gcc/arm-none-eabi/12.3.1/thumb/v7-m/nofp/crti.o
                0x0800b6c0                _fini
 .fini          0x0800b6c4        0x8 D:/STMElectronics/STM32CubeIDE_1.14.0/STM32CubeIDE/plugins/com.st.stm32cube.ide.mcu.externaltools.gnu-tools-for-stm32.12.3.rel1.win32_1.0.100.202403111256/tools/bin/../lib/gcc/arm-none-eabi/12.3.1/thumb/v7-m/nofp/crtn.o
                0x0800b6cc                        . = ALIGN (0x4)
                0x0800b6cc                        _etext = .

.vfp11_veneer   0x0800b6cc        0x0
 .vfp11_veneer  0x0800b6cc        0x0 linker stubs

.v4_bx          0x0800b6cc        0x0
 .v4_bx         0x0800b6cc        0x0 linker stubs

.iplt           0x0800b6cc        0x0
 .iplt          0x0800b6cc        0x0 D:/STMElectronics/STM32CubeIDE_1.14.0/STM32CubeIDE/plugins/com.st.stm32cube.ide.mcu.externaltools.gnu-tools-for-stm32.12.3.rel1.win32_1.0.100.202403111256/tools/bin/../lib/gcc/arm-none-eabi/12.3.1/thumb/v7-m/nofp/crtbegin.o

.rodata         0x0800b6d0      0xc08
                0x0800b6d0                        . = ALIGN (0x4)
 *(.rodata)
 .rodata        0x0800b6d0      0x18a ./Core/Src/main.o
 *fill*         0x0800b85a        0x2 
 .rodata        0x0800b85c        0x5 ./Middlewares/Third_Party/FreeRTOS/Source/tasks.o
 *fill*         0x0800b861        0x3 
 .rodata        0x0800b864       0x5f ./OLED_Trinh/ssd1306.o
 *fill*         0x0800b8c3        0x1 
 .rodata        0x0800b8c4       0x26 ./Utils/uartstdio.o
 *(.rodata*)
 *fill*         0x0800b8ea        0x2 
 .rodata.AHBPrescTable
                0x0800b8ec       0x10 ./Core/Src/system_stm32f1xx.o
                0x0800b8ec                AHBPrescTable
 .rodata.APBPrescTable
                0x0800b8fc        0x8 ./Core/Src/system_stm32f1xx.o
                0x0800b8fc                APBPrescTable
 .rodata.aPLLMULFactorTable.1
                0x0800b904       0x10 ./Drivers/STM32F1xx_HAL_Driver/Src/stm32f1xx_hal_rcc.o
 .rodata.aPredivFactorTable.0
                0x0800b914        0x2 ./Drivers/STM32F1xx_HAL_Driver/Src/stm32f1xx_hal_rcc.o
 *fill*         0x0800b916        0x2 
 .rodata.Font7x10
                0x0800b918      0x76c ./OLED_Trinh/ssd1306_fonts.o
 .rodata._dtoa_r.str1.1
                0x0800c084       0x8f D:/STMElectronics/STM32CubeIDE_1.14.0/STM32CubeIDE/plugins/com.st.stm32cube.ide.mcu.externaltools.gnu-tools-for-stm32.12.3.rel1.win32_1.0.100.202403111256/tools/bin/../lib/gcc/arm-none-eabi/12.3.1/../../../../arm-none-eabi/lib/thumb/v7-m/nofp\libc_nano.a(libc_a-dtoa.o)
 .rodata._Balloc.str1.1
                0x0800c113       0x59 D:/STMElectronics/STM32CubeIDE_1.14.0/STM32CubeIDE/plugins/com.st.stm32cube.ide.mcu.externaltools.gnu-tools-for-stm32.12.3.rel1.win32_1.0.100.202403111256/tools/bin/../lib/gcc/arm-none-eabi/12.3.1/../../../../arm-none-eabi/lib/thumb/v7-m/nofp\libc_nano.a(libc_a-mprec.o)
                                 0x70 (size before relaxing)
 .rodata.__multadd.str1.1
                0x0800c16c       0x11 D:/STMElectronics/STM32CubeIDE_1.14.0/STM32CubeIDE/plugins/com.st.stm32cube.ide.mcu.externaltools.gnu-tools-for-stm32.12.3.rel1.win32_1.0.100.202403111256/tools/bin/../lib/gcc/arm-none-eabi/12.3.1/../../../../arm-none-eabi/lib/thumb/v7-m/nofp\libc_nano.a(libc_a-mprec.o)
 .rodata.p05.0  0x0800c16c        0xc D:/STMElectronics/STM32CubeIDE_1.14.0/STM32CubeIDE/plugins/com.st.stm32cube.ide.mcu.externaltools.gnu-tools-for-stm32.12.3.rel1.win32_1.0.100.202403111256/tools/bin/../lib/gcc/arm-none-eabi/12.3.1/../../../../arm-none-eabi/lib/thumb/v7-m/nofp\libc_nano.a(libc_a-mprec.o)
 .rodata.__mprec_bigtens
                0x0800c178       0x28 D:/STMElectronics/STM32CubeIDE_1.14.0/STM32CubeIDE/plugins/com.st.stm32cube.ide.mcu.externaltools.gnu-tools-for-stm32.12.3.rel1.win32_1.0.100.202403111256/tools/bin/../lib/gcc/arm-none-eabi/12.3.1/../../../../arm-none-eabi/lib/thumb/v7-m/nofp\libc_nano.a(libc_a-mprec.o)
                0x0800c178                __mprec_bigtens
 .rodata.__mprec_tens
                0x0800c1a0       0xc8 D:/STMElectronics/STM32CubeIDE_1.14.0/STM32CubeIDE/plugins/com.st.stm32cube.ide.mcu.externaltools.gnu-tools-for-stm32.12.3.rel1.win32_1.0.100.202403111256/tools/bin/../lib/gcc/arm-none-eabi/12.3.1/../../../../arm-none-eabi/lib/thumb/v7-m/nofp\libc_nano.a(libc_a-mprec.o)
                0x0800c1a0                __mprec_tens
 .rodata.__assert_func.str1.1
                0x0800c268       0x3c D:/STMElectronics/STM32CubeIDE_1.14.0/STM32CubeIDE/plugins/com.st.stm32cube.ide.mcu.externaltools.gnu-tools-for-stm32.12.3.rel1.win32_1.0.100.202403111256/tools/bin/../lib/gcc/arm-none-eabi/12.3.1/../../../../arm-none-eabi/lib/thumb/v7-m/nofp\libc_nano.a(libc_a-assert.o)
                                 0x3d (size before relaxing)
 .rodata._vfprintf_r.str1.1
                0x0800c2a4       0x11 D:/STMElectronics/STM32CubeIDE_1.14.0/STM32CubeIDE/plugins/com.st.stm32cube.ide.mcu.externaltools.gnu-tools-for-stm32.12.3.rel1.win32_1.0.100.202403111256/tools/bin/../lib/gcc/arm-none-eabi/12.3.1/../../../../arm-none-eabi/lib/thumb/v7-m/nofp\libc_nano.a(libc_a-nano-vfprintf.o)
 .rodata._printf_i.str1.1
                0x0800c2b5       0x22 D:/STMElectronics/STM32CubeIDE_1.14.0/STM32CubeIDE/plugins/com.st.stm32cube.ide.mcu.externaltools.gnu-tools-for-stm32.12.3.rel1.win32_1.0.100.202403111256/tools/bin/../lib/gcc/arm-none-eabi/12.3.1/../../../../arm-none-eabi/lib/thumb/v7-m/nofp\libc_nano.a(libc_a-nano-vfprintf_i.o)
 .rodata.log.str1.1
                0x0800c2d7        0x1 D:/STMElectronics/STM32CubeIDE_1.14.0/STM32CubeIDE/plugins/com.st.stm32cube.ide.mcu.externaltools.gnu-tools-for-stm32.12.3.rel1.win32_1.0.100.202403111256/tools/bin/../lib/gcc/arm-none-eabi/12.3.1/../../../../arm-none-eabi/lib/thumb/v7-m/nofp\libm.a(libm_a-w_log.o)
                0x0800c2d8                        . = ALIGN (0x4)
 *fill*         0x0800c2d7        0x1 

.rel.dyn        0x0800c2d8        0x0
 .rel.iplt      0x0800c2d8        0x0 D:/STMElectronics/STM32CubeIDE_1.14.0/STM32CubeIDE/plugins/com.st.stm32cube.ide.mcu.externaltools.gnu-tools-for-stm32.12.3.rel1.win32_1.0.100.202403111256/tools/bin/../lib/gcc/arm-none-eabi/12.3.1/thumb/v7-m/nofp/crtbegin.o

.ARM.extab      0x0800c2d8        0x0
                0x0800c2d8                        . = ALIGN (0x4)
 *(.ARM.extab* .gnu.linkonce.armextab.*)
                0x0800c2d8                        . = ALIGN (0x4)

.ARM            0x0800c2d8        0x0
                0x0800c2d8                        . = ALIGN (0x4)
                0x0800c2d8                        __exidx_start = .
 *(.ARM.exidx*)
                0x0800c2d8                        __exidx_end = .
                0x0800c2d8                        . = ALIGN (0x4)

.preinit_array  0x0800c2d8        0x0
                0x0800c2d8                        . = ALIGN (0x4)
                0x0800c2d8                        PROVIDE (__preinit_array_start = .)
 *(.preinit_array*)
                0x0800c2d8                        PROVIDE (__preinit_array_end = .)
                0x0800c2d8                        . = ALIGN (0x4)

.init_array     0x0800c2d8        0x4
                0x0800c2d8                        . = ALIGN (0x4)
                0x0800c2d8                        PROVIDE (__init_array_start = .)
 *(SORT_BY_NAME(.init_array.*))
 *(.init_array*)
 .init_array    0x0800c2d8        0x4 D:/STMElectronics/STM32CubeIDE_1.14.0/STM32CubeIDE/plugins/com.st.stm32cube.ide.mcu.externaltools.gnu-tools-for-stm32.12.3.rel1.win32_1.0.100.202403111256/tools/bin/../lib/gcc/arm-none-eabi/12.3.1/thumb/v7-m/nofp/crtbegin.o
                0x0800c2dc                        PROVIDE (__init_array_end = .)
                0x0800c2dc                        . = ALIGN (0x4)

.fini_array     0x0800c2dc        0x4
                0x0800c2dc                        . = ALIGN (0x4)
                [!provide]                        PROVIDE (__fini_array_start = .)
 *(SORT_BY_NAME(.fini_array.*))
 *(.fini_array*)
 .fini_array    0x0800c2dc        0x4 D:/STMElectronics/STM32CubeIDE_1.14.0/STM32CubeIDE/plugins/com.st.stm32cube.ide.mcu.externaltools.gnu-tools-for-stm32.12.3.rel1.win32_1.0.100.202403111256/tools/bin/../lib/gcc/arm-none-eabi/12.3.1/thumb/v7-m/nofp/crtbegin.o
                [!provide]                        PROVIDE (__fini_array_end = .)
                0x0800c2e0                        . = ALIGN (0x4)
                0x0800c2e0                        _sidata = LOADADDR (.data)

.data           0x20000000       0x84 load address 0x0800c2e0
                0x20000000                        . = ALIGN (0x4)
                0x20000000                        _sdata = .
 *(.data)
 *(.data*)
 .data.Tx_STX   0x20000000        0x1 ./Core/Src/main.o
 *fill*         0x20000001        0x3 
 .data.Tx_ETX   0x20000004        0x1 ./Core/Src/main.o
 *fill*         0x20000005        0x3 
 .data.Rx_ONRL  0x20000008        0x3 ./Core/Src/main.o
 *fill*         0x2000000b        0x1 
 .data.Rx_OFRL  0x2000000c        0x3 ./Core/Src/main.o
 *fill*         0x2000000f        0x1 
 .data.SystemCoreClock
                0x20000010        0x4 ./Core/Src/system_stm32f1xx.o
                0x20000010                SystemCoreClock
 .data.uwTickPrio
                0x20000014        0x4 ./Drivers/STM32F1xx_HAL_Driver/Src/stm32f1xx_hal.o
                0x20000014                uwTickPrio
 .data.uwTickFreq
                0x20000018        0x1 ./Drivers/STM32F1xx_HAL_Driver/Src/stm32f1xx_hal.o
                0x20000018                uwTickFreq
 *fill*         0x20000019        0x3 
 .data.uxCriticalNesting
                0x2000001c        0x4 ./Middlewares/Third_Party/FreeRTOS/Source/portable/GCC/ARM_CM3/port.o
 .data.Font_7x10
                0x20000020        0x8 ./OLED_Trinh/ssd1306_fonts.o
                0x20000020                Font_7x10
 .data.__sglue  0x20000028        0xc D:/STMElectronics/STM32CubeIDE_1.14.0/STM32CubeIDE/plugins/com.st.stm32cube.ide.mcu.externaltools.gnu-tools-for-stm32.12.3.rel1.win32_1.0.100.202403111256/tools/bin/../lib/gcc/arm-none-eabi/12.3.1/../../../../arm-none-eabi/lib/thumb/v7-m/nofp\libc_nano.a(libc_a-findfp.o)
                0x20000028                __sglue
 .data._impure_ptr
                0x20000034        0x4 D:/STMElectronics/STM32CubeIDE_1.14.0/STM32CubeIDE/plugins/com.st.stm32cube.ide.mcu.externaltools.gnu-tools-for-stm32.12.3.rel1.win32_1.0.100.202403111256/tools/bin/../lib/gcc/arm-none-eabi/12.3.1/../../../../arm-none-eabi/lib/thumb/v7-m/nofp\libc_nano.a(libc_a-impure.o)
                0x20000034                _impure_ptr
 .data._impure_data
                0x20000038       0x4c D:/STMElectronics/STM32CubeIDE_1.14.0/STM32CubeIDE/plugins/com.st.stm32cube.ide.mcu.externaltools.gnu-tools-for-stm32.12.3.rel1.win32_1.0.100.202403111256/tools/bin/../lib/gcc/arm-none-eabi/12.3.1/../../../../arm-none-eabi/lib/thumb/v7-m/nofp\libc_nano.a(libc_a-impure.o)
                0x20000038                _impure_data
 *(.RamFunc)
 *(.RamFunc*)
                0x20000084                        . = ALIGN (0x4)
                0x20000084                        _edata = .

.igot.plt       0x20000084        0x0 load address 0x0800c364
 .igot.plt      0x20000084        0x0 D:/STMElectronics/STM32CubeIDE_1.14.0/STM32CubeIDE/plugins/com.st.stm32cube.ide.mcu.externaltools.gnu-tools-for-stm32.12.3.rel1.win32_1.0.100.202403111256/tools/bin/../lib/gcc/arm-none-eabi/12.3.1/thumb/v7-m/nofp/crtbegin.o
                0x20000084                        . = ALIGN (0x4)

.bss            0x20000084      0xfc0 load address 0x0800c364
                0x20000084                        _sbss = .
                0x20000084                        __bss_start__ = _sbss
 *(.bss)
 .bss           0x20000084       0x1c D:/STMElectronics/STM32CubeIDE_1.14.0/STM32CubeIDE/plugins/com.st.stm32cube.ide.mcu.externaltools.gnu-tools-for-stm32.12.3.rel1.win32_1.0.100.202403111256/tools/bin/../lib/gcc/arm-none-eabi/12.3.1/thumb/v7-m/nofp/crtbegin.o
 *(.bss*)
 .bss.xIdleTaskTCBBuffer
                0x200000a0       0xa0 ./Core/Src/freertos.o
 .bss.xIdleStack
                0x20000140      0x200 ./Core/Src/freertos.o
 .bss.hadc1     0x20000340       0x30 ./Core/Src/main.o
                0x20000340                hadc1
 .bss.hdma_adc1
                0x20000370       0x44 ./Core/Src/main.o
                0x20000370                hdma_adc1
 .bss.hi2c1     0x200003b4       0x54 ./Core/Src/main.o
                0x200003b4                hi2c1
 .bss.huart3    0x20000408       0x48 ./Core/Src/main.o
                0x20000408                huart3
 .bss.ActuatorTaskHandle
                0x20000450        0x4 ./Core/Src/main.o
                0x20000450                ActuatorTaskHandle
 .bss.TxtoESPTaskHandle
                0x20000454        0x4 ./Core/Src/main.o
                0x20000454                TxtoESPTaskHandle
 .bss.getBattTaskHandle
                0x20000458        0x4 ./Core/Src/main.o
                0x20000458                getBattTaskHandle
 .bss.SwitchTaskHandle
                0x2000045c        0x4 ./Core/Src/main.o
                0x2000045c                SwitchTaskHandle
 .bss.OLEDTaskHandle
                0x20000460        0x4 ./Core/Src/main.o
                0x20000460                OLEDTaskHandle
 .bss.Queue_Temp_ESPHandle
                0x20000464        0x4 ./Core/Src/main.o
                0x20000464                Queue_Temp_ESPHandle
 .bss.Queue_Temp_OLEDHandle
                0x20000468        0x4 ./Core/Src/main.o
                0x20000468                Queue_Temp_OLEDHandle
 .bss.Queue_Volt_ESPHandle
                0x2000046c        0x4 ./Core/Src/main.o
                0x2000046c                Queue_Volt_ESPHandle
 .bss.Queue_Volt_OLEDHandle
                0x20000470        0x4 ./Core/Src/main.o
                0x20000470                Queue_Volt_OLEDHandle
 .bss.Queue_Volt_ActuatorHandle
                0x20000474        0x4 ./Core/Src/main.o
                0x20000474                Queue_Volt_ActuatorHandle
 .bss.Queue_Curr_ESPHandle
                0x20000478        0x4 ./Core/Src/main.o
                0x20000478                Queue_Curr_ESPHandle
 .bss.Queue_Curr_OLEDHandle
                0x2000047c        0x4 ./Core/Src/main.o