../Drivers/CMSIS/Include/core_cm3.h:1511:22:__NVIC_EnableIRQ	16	static
../Drivers/CMSIS/Include/core_cm3.h:1528:26:__NVIC_GetEnableIRQ	16	static
../Drivers/CMSIS/Include/core_cm3.h:1547:22:__NVIC_DisableIRQ	16	static,ignoring_inline_asm
../Drivers/STM32F1xx_HAL_Driver/Inc/stm32f1xx_ll_usart.h:1840:26:LL_USART_IsActiveFlag_RXNE	16	static
../Drivers/STM32F1xx_HAL_Driver/Inc/stm32f1xx_ll_usart.h:1851:26:LL_USART_IsActiveFlag_TC	16	static
../Drivers/STM32F1xx_HAL_Driver/Inc/stm32f1xx_ll_usart.h:2016:22:LL_USART_ClearFlag_TC	16	static
../Drivers/STM32F1xx_HAL_Driver/Inc/stm32f1xx_ll_usart.h:2083:22:LL_USART_EnableIT_RXNE	40	static,ignoring_inline_asm
../Drivers/STM32F1xx_HAL_Driver/Inc/stm32f1xx_ll_usart.h:2094:22:LL_USART_EnableIT_TC	40	static,ignoring_inline_asm
../Drivers/STM32F1xx_HAL_Driver/Inc/stm32f1xx_ll_usart.h:2190:22:LL_USART_DisableIT_TC	40	static,ignoring_inline_asm
../Drivers/STM32F1xx_HAL_Driver/Inc/stm32f1xx_ll_usart.h:2451:25:LL_USART_ReceiveData8	16	static
../Drivers/STM32F1xx_HAL_Driver/Inc/stm32f1xx_ll_usart.h:2474:22:LL_USART_TransmitData8	16	static
../Utils/uartstdio.c:140:1:IsBufferFull	32	static
../Utils/uartstdio.c:171:1:IsBufferEmpty	24	static
../Utils/uartstdio.c:202:1:GetBufferCount	32	static
../Utils/uartstdio.c:224:1:UARTPrimeTransmit	8	static
../Utils/uartstdio.c:281:6:UARTStdioConfig	16	static
../Utils/uartstdio.c:333:1:UARTwrite	24	static
../Utils/uartstdio.c:431:1:UARTgets	24	static
../Utils/uartstdio.c:519:1:UARTgetc	16	static
../Utils/uartstdio.c:587:1:UARTvprintf	64	static
../Utils/uartstdio.c:1019:1:UARTprintf	16	static
../Utils/uartstdio.c:1049:1:UARTRxBytesAvail	8	static
../Utils/uartstdio.c:1068:1:UARTTxBytesFree	8	static
../Utils/uartstdio.c:1095:1:UARTPeek	32	static
../Utils/uartstdio.c:1149:1:UARTFlushRx	16	static
../Utils/uartstdio.c:1194:1:UARTFlushTx	24	static
../Utils/uartstdio.c:1260:1:UARTEchoSet	16	static
../Utils/uartstdio.c:1280:1:UARTStdioIntHandler	16	static
